98.228.62.214 - - [04/Dec/2018:10:12:16 -0600] "GET /order/order.css HTTP/1.1" 404 3938 "http://alaweenies.web.illinois.edu/order/?customerId=68568" "Mozilla/5.0 (Macintosh; Intel Mac OS X 10.13; rv:64.0) Gecko/20100101 Firefox/64.0"
98.228.62.214 - - [04/Dec/2018:10:12:16 -0600] "GET /order/get_user/?customerId=68568 HTTP/1.1" 200 40 "http://alaweenies.web.illinois.edu/order/?customerId=68568" "Mozilla/5.0 (Macintosh; Intel Mac OS X 10.13; rv:64.0) Gecko/20100101 Firefox/64.0"
98.228.62.214 - - [04/Dec/2018:10:12:16 -0600] "GET /order/get_most_popular/?restaurantId=0 HTTP/1.1" 200 64 "http://alaweenies.web.illinois.edu/order/?customerId=68568" "Mozilla/5.0 (Macintosh; Intel Mac OS X 10.13; rv:64.0) Gecko/20100101 Firefox/64.0"
98.228.62.214 - - [04/Dec/2018:10:12:16 -0600] "GET /order/get_price_modifier/ HTTP/1.1" 200 25 "http://alaweenies.web.illinois.edu/order/?customerId=68568" "Mozilla/5.0 (Macintosh; Intel Mac OS X 10.13; rv:64.0) Gecko/20100101 Firefox/64.0"
98.212.148.182 - - [04/Dec/2018:10:12:24 -0600] "GET /tracking/get_pending_orders/?driverId=4 HTTP/1.1" 200 35 "http://alaweenies.web.illinois.edu/tracking/" "Mozilla/5.0 (Windows NT 10.0; Win64; x64) AppleWebKit/537.36 (KHTML, like Gecko) Chrome/70.0.3538.110 Safari/537.36"
98.212.148.182 - - [04/Dec/2018:10:12:54 -0600] "GET /tracking/get_pending_orders/?driverId=4 HTTP/1.1" 200 35 "http://alaweenies.web.illinois.edu/tracking/" "Mozilla/5.0 (Windows NT 10.0; Win64; x64) AppleWebKit/537.36 (KHTML, like Gecko) Chrome/70.0.3538.110 Safari/537.36"
98.212.148.182 - - [04/Dec/2018:10:13:24 -0600] "GET /tracking/get_pending_orders/?driverId=4 HTTP/1.1" 200 35 "http://alaweenies.web.illinois.edu/tracking/" "Mozilla/5.0 (Windows NT 10.0; Win64; x64) AppleWebKit/537.36 (KHTML, like Gecko) Chrome/70.0.3538.110 Safari/537.36"
98.212.148.182 - - [04/Dec/2018:10:13:54 -0600] "GET /tracking/get_pending_orders/?driverId=4 HTTP/1.1" 200 35 "http://alaweenies.web.illinois.edu/tracking/" "Mozilla/5.0 (Windows NT 10.0; Win64; x64) AppleWebKit/537.36 (KHTML, like Gecko) Chrome/70.0.3538.110 Safari/537.36"
98.212.148.182 - - [04/Dec/2018:10:14:24 -0600] "GET /tracking/get_pending_orders/?driverId=4 HTTP/1.1" 200 35 "http://alaweenies.web.illinois.edu/tracking/" "Mozilla/5.0 (Windows NT 10.0; Win64; x64) AppleWebKit/537.36 (KHTML, like Gecko) Chrome/70.0.3538.110 Safari/537.36"
98.212.148.182 - - [04/Dec/2018:10:14:54 -0600] "GET /tracking/get_pending_orders/?driverId=4 HTTP/1.1" 200 35 "http://alaweenies.web.illinois.edu/tracking/" "Mozilla/5.0 (Windows NT 10.0; Win64; x64) AppleWebKit/537.36 (KHTML, like Gecko) Chrome/70.0.3538.110 Safari/537.36"
98.228.62.214 - - [04/Dec/2018:10:14:57 -0600] "GET /login/ HTTP/1.1" 200 9723 "http://alaweenies.web.illinois.edu/" "Mozilla/5.0 (Macintosh; Intel Mac OS X 10.13; rv:64.0) Gecko/20100101 Firefox/64.0"
98.228.62.214 - - [04/Dec/2018:10:14:57 -0600] "GET /login/login.css HTTP/1.1" 404 3544 "http://alaweenies.web.illinois.edu/login/" "Mozilla/5.0 (Macintosh; Intel Mac OS X 10.13; rv:64.0) Gecko/20100101 Firefox/64.0"
98.212.148.182 - - [04/Dec/2018:10:15:24 -0600] "GET /tracking/get_pending_orders/?driverId=4 HTTP/1.1" 200 35 "http://alaweenies.web.illinois.edu/tracking/" "Mozilla/5.0 (Windows NT 10.0; Win64; x64) AppleWebKit/537.36 (KHTML, like Gecko) Chrome/70.0.3538.110 Safari/537.36"
98.228.62.214 - - [04/Dec/2018:10:15:53 -0600] "GET /login/check_email?email=JSliwa14%40gmail.com HTTP/1.1" 301 - "http://alaweenies.web.illinois.edu/login/" "Mozilla/5.0 (Macintosh; Intel Mac OS X 10.13; rv:64.0) Gecko/20100101 Firefox/64.0"
98.228.62.214 - - [04/Dec/2018:10:15:53 -0600] "GET /login/check_email/?email=JSliwa14%40gmail.com HTTP/1.1" 200 25 "http://alaweenies.web.illinois.edu/login/" "Mozilla/5.0 (Macintosh; Intel Mac OS X 10.13; rv:64.0) Gecko/20100101 Firefox/64.0"
98.228.62.214 - - [04/Dec/2018:10:15:53 -0600] "GET /login/signup_user?firstName=Jimmy&lastName=Sliwa&email=JSliwa14%40gmail.com&password=GoWOlverines2017&phoneNumber=6304507788&dob=1998-11-05&preferredLocation=1 HTTP/1.1" 301 - "http://alaweenies.web.illinois.edu/login/" "Mozilla/5.0 (Macintosh; Intel Mac OS X 10.13; rv:64.0) Gecko/20100101 Firefox/64.0"
98.228.62.214 - - [04/Dec/2018:10:15:53 -0600] "GET /login/signup_user/?firstName=Jimmy&lastName=Sliwa&email=JSliwa14%40gmail.com&password=GoWOlverines2017&phoneNumber=6304507788&dob=1998-11-05&preferredLocation=1 HTTP/1.1" 200 40 "http://alaweenies.web.illinois.edu/login/" "Mozilla/5.0 (Macintosh; Intel Mac OS X 10.13; rv:64.0) Gecko/20100101 Firefox/64.0"
98.228.62.214 - - [04/Dec/2018:10:15:53 -0600] "GET /order/?customerId=68569 HTTP/1.1" 200 26423 "http://alaweenies.web.illinois.edu/login/" "Mozilla/5.0 (Macintosh; Intel Mac OS X 10.13; rv:64.0) Gecko/20100101 Firefox/64.0"
98.228.62.214 - - [04/Dec/2018:10:15:53 -0600] "GET /order/order.css HTTP/1.1" 404 3938 "http://alaweenies.web.illinois.edu/order/?customerId=68569" "Mozilla/5.0 (Macintosh; Intel Mac OS X 10.13; rv:64.0) Gecko/20100101 Firefox/64.0"
98.228.62.214 - - [04/Dec/2018:10:15:53 -0600] "GET /order/get_most_popular/?restaurantId=0 HTTP/1.1" 200 64 "http://alaweenies.web.illinois.edu/order/?customerId=68569" "Mozilla/5.0 (Macintosh; Intel Mac OS X 10.13; rv:64.0) Gecko/20100101 Firefox/64.0"
98.228.62.214 - - [04/Dec/2018:10:15:53 -0600] "GET /order/get_price_modifier/ HTTP/1.1" 200 25 "http://alaweenies.web.illinois.edu/order/?customerId=68569" "Mozilla/5.0 (Macintosh; Intel Mac OS X 10.13; rv:64.0) Gecko/20100101 Firefox/64.0"
98.228.62.214 - - [04/Dec/2018:10:15:53 -0600] "GET /order/get_user/?customerId=68569 HTTP/1.1" 200 39 "http://alaweenies.web.illinois.edu/order/?customerId=68569" "Mozilla/5.0 (Macintosh; Intel Mac OS X 10.13; rv:64.0) Gecko/20100101 Firefox/64.0"
98.212.148.182 - - [04/Dec/2018:10:15:54 -0600] "GET /tracking/get_pending_orders/?driverId=4 HTTP/1.1" 200 35 "http://alaweenies.web.illinois.edu/tracking/" "Mozilla/5.0 (Windows NT 10.0; Win64; x64) AppleWebKit/537.36 (KHTML, like Gecko) Chrome/70.0.3538.110 Safari/537.36"
98.212.148.182 - - [04/Dec/2018:10:16:24 -0600] "GET /tracking/get_pending_orders/?driverId=4 HTTP/1.1" 200 35 "http://alaweenies.web.illinois.edu/tracking/" "Mozilla/5.0 (Windows NT 10.0; Win64; x64) AppleWebKit/537.36 (KHTML, like Gecko) Chrome/70.0.3538.110 Safari/537.36"
98.212.148.182 - - [04/Dec/2018:10:16:54 -0600] "GET /tracking/get_pending_orders/?driverId=4 HTTP/1.1" 200 35 "http://alaweenies.web.illinois.edu/tracking/" "Mozilla/5.0 (Windows NT 10.0; Win64; x64) AppleWebKit/537.36 (KHTML, like Gecko) Chrome/70.0.3538.110 Safari/537.36"
98.228.62.214 - - [04/Dec/2018:10:17:11 -0600] "GET /login/ HTTP/1.1" 200 9723 "http://alaweenies.web.illinois.edu/" "Mozilla/5.0 (Macintosh; Intel Mac OS X 10.13; rv:64.0) Gecko/20100101 Firefox/64.0"
98.228.62.214 - - [04/Dec/2018:10:17:11 -0600] "GET /login/login.css HTTP/1.1" 404 3544 "http://alaweenies.web.illinois.edu/login/" "Mozilla/5.0 (Macintosh; Intel Mac OS X 10.13; rv:64.0) Gecko/20100101 Firefox/64.0"
98.212.148.182 - - [04/Dec/2018:10:17:24 -0600] "GET /tracking/get_pending_orders/?driverId=4 HTTP/1.1" 200 35 "http://alaweenies.web.illinois.edu/tracking/" "Mozilla/5.0 (Windows NT 10.0; Win64; x64) AppleWebKit/537.36 (KHTML, like Gecko) Chrome/70.0.3538.110 Safari/537.36"
98.212.148.182 - - [04/Dec/2018:10:17:54 -0600] "GET /tracking/get_pending_orders/?driverId=4 HTTP/1.1" 200 35 "http://alaweenies.web.illinois.edu/tracking/" "Mozilla/5.0 (Windows NT 10.0; Win64; x64) AppleWebKit/537.36 (KHTML, like Gecko) Chrome/70.0.3538.110 Safari/537.36"
98.212.148.182 - - [04/Dec/2018:10:18:24 -0600] "GET /tracking/get_pending_orders/?driverId=4 HTTP/1.1" 200 35 "http://alaweenies.web.illinois.edu/tracking/" "Mozilla/5.0 (Windows NT 10.0; Win64; x64) AppleWebKit/537.36 (KHTML, like Gecko) Chrome/70.0.3538.110 Safari/537.36"
98.228.62.214 - - [04/Dec/2018:10:18:38 -0600] "GET /login/check_email?email=TrentCzerwien%40gmail.com HTTP/1.1" 301 - "http://alaweenies.web.illinois.edu/login/" "Mozilla/5.0 (Macintosh; Intel Mac OS X 10.13; rv:64.0) Gecko/20100101 Firefox/64.0"
98.228.62.214 - - [04/Dec/2018:10:18:38 -0600] "GET /login/check_email/?email=TrentCzerwien%40gmail.com HTTP/1.1" 200 25 "http://alaweenies.web.illinois.edu/login/" "Mozilla/5.0 (Macintosh; Intel Mac OS X 10.13; rv:64.0) Gecko/20100101 Firefox/64.0"
98.228.62.214 - - [04/Dec/2018:10:18:38 -0600] "GET /login/signup_user?firstName=Trent&lastName=Czerwien&email=TrentCzerwien%40gmail.com&password=Lakeview2005&phoneNumber=3125609911&dob=2005-06-23&preferredLocation=3 HTTP/1.1" 301 - "http://alaweenies.web.illinois.edu/login/" "Mozilla/5.0 (Macintosh; Intel Mac OS X 10.13; rv:64.0) Gecko/20100101 Firefox/64.0"
98.228.62.214 - - [04/Dec/2018:10:18:38 -0600] "GET /login/signup_user/?firstName=Trent&lastName=Czerwien&email=TrentCzerwien%40gmail.com&password=Lakeview2005&phoneNumber=3125609911&dob=2005-06-23&preferredLocation=3 HTTP/1.1" 200 40 "http://alaweenies.web.illinois.edu/login/" "Mozilla/5.0 (Macintosh; Intel Mac OS X 10.13; rv:64.0) Gecko/20100101 Firefox/64.0"
98.228.62.214 - - [04/Dec/2018:10:18:38 -0600] "GET /order/?customerId=68570 HTTP/1.1" 200 26423 "http://alaweenies.web.illinois.edu/login/" "Mozilla/5.0 (Macintosh; Intel Mac OS X 10.13; rv:64.0) Gecko/20100101 Firefox/64.0"
98.228.62.214 - - [04/Dec/2018:10:18:38 -0600] "GET /order/order.css HTTP/1.1" 404 3938 "http://alaweenies.web.illinois.edu/order/?customerId=68570" "Mozilla/5.0 (Macintosh; Intel Mac OS X 10.13; rv:64.0) Gecko/20100101 Firefox/64.0"
98.228.62.214 - - [04/Dec/2018:10:18:39 -0600] "GET /order/get_most_popular/?restaurantId=0 HTTP/1.1" 200 64 "http://alaweenies.web.illinois.edu/order/?customerId=68570" "Mozilla/5.0 (Macintosh; Intel Mac OS X 10.13; rv:64.0) Gecko/20100101 Firefox/64.0"
98.228.62.214 - - [04/Dec/2018:10:18:39 -0600] "GET /order/get_price_modifier/ HTTP/1.1" 200 25 "http://alaweenies.web.illinois.edu/order/?customerId=68570" "Mozilla/5.0 (Macintosh; Intel Mac OS X 10.13; rv:64.0) Gecko/20100101 Firefox/64.0"
98.228.62.214 - - [04/Dec/2018:10:18:39 -0600] "GET /order/get_user/?customerId=68570 HTTP/1.1" 200 39 "http://alaweenies.web.illinois.edu/order/?customerId=68570" "Mozilla/5.0 (Macintosh; Intel Mac OS X 10.13; rv:64.0) Gecko/20100101 Firefox/64.0"
98.228.62.214 - - [04/Dec/2018:10:18:43 -0600] "GET /login/ HTTP/1.1" 200 9723 "http://alaweenies.web.illinois.edu/" "Mozilla/5.0 (Macintosh; Intel Mac OS X 10.13; rv:64.0) Gecko/20100101 Firefox/64.0"
98.228.62.214 - - [04/Dec/2018:10:18:43 -0600] "GET /login/login.css HTTP/1.1" 404 3544 "http://alaweenies.web.illinois.edu/login/" "Mozilla/5.0 (Macintosh; Intel Mac OS X 10.13; rv:64.0) Gecko/20100101 Firefox/64.0"
98.212.148.182 - - [04/Dec/2018:10:18:54 -0600] "GET /tracking/get_pending_orders/?driverId=4 HTTP/1.1" 200 35 "http://alaweenies.web.illinois.edu/tracking/" "Mozilla/5.0 (Windows NT 10.0; Win64; x64) AppleWebKit/537.36 (KHTML, like Gecko) Chrome/70.0.3538.110 Safari/537.36"
98.212.148.182 - - [04/Dec/2018:10:19:24 -0600] "GET /tracking/get_pending_orders/?driverId=4 HTTP/1.1" 200 35 "http://alaweenies.web.illinois.edu/tracking/" "Mozilla/5.0 (Windows NT 10.0; Win64; x64) AppleWebKit/537.36 (KHTML, like Gecko) Chrome/70.0.3538.110 Safari/537.36"
98.212.148.182 - - [04/Dec/2018:10:19:54 -0600] "GET /tracking/get_pending_orders/?driverId=4 HTTP/1.1" 200 35 "http://alaweenies.web.illinois.edu/tracking/" "Mozilla/5.0 (Windows NT 10.0; Win64; x64) AppleWebKit/537.36 (KHTML, like Gecko) Chrome/70.0.3538.110 Safari/537.36"
98.212.148.182 - - [04/Dec/2018:10:20:26 -0600] "GET /tracking/get_pending_orders/?driverId=4 HTTP/1.1" 200 35 "http://alaweenies.web.illinois.edu/tracking/" "Mozilla/5.0 (Windows NT 10.0; Win64; x64) AppleWebKit/537.36 (KHTML, like Gecko) Chrome/70.0.3538.110 Safari/537.36"
98.212.148.182 - - [04/Dec/2018:10:20:54 -0600] "GET /tracking/get_pending_orders/?driverId=4 HTTP/1.1" 200 35 "http://alaweenies.web.illinois.edu/tracking/" "Mozilla/5.0 (Windows NT 10.0; Win64; x64) AppleWebKit/537.36 (KHTML, like Gecko) Chrome/70.0.3538.110 Safari/537.36"
98.228.62.214 - - [04/Dec/2018:10:21:03 -0600] "GET /login/check_email?email=cccb1996%40gmail.com HTTP/1.1" 301 - "http://alaweenies.web.illinois.edu/login/" "Mozilla/5.0 (Macintosh; Intel Mac OS X 10.13; rv:64.0) Gecko/20100101 Firefox/64.0"
98.228.62.214 - - [04/Dec/2018:10:21:03 -0600] "GET /login/check_email/?email=cccb1996%40gmail.com HTTP/1.1" 200 25 "http://alaweenies.web.illinois.edu/login/" "Mozilla/5.0 (Macintosh; Intel Mac OS X 10.13; rv:64.0) Gecko/20100101 Firefox/64.0"
98.228.62.214 - - [04/Dec/2018:10:21:03 -0600] "GET /login/signup_user?firstName=Corey%20&lastName=Bruck&email=cccb1996%40gmail.com&password=WalkingDead2010&phoneNumber=6307803244&dob=1996-12-12&preferredLocation=2 HTTP/1.1" 301 - "http://alaweenies.web.illinois.edu/login/" "Mozilla/5.0 (Macintosh; Intel Mac OS X 10.13; rv:64.0) Gecko/20100101 Firefox/64.0"
98.228.62.214 - - [04/Dec/2018:10:21:03 -0600] "GET /login/signup_user/?firstName=Corey%20&lastName=Bruck&email=cccb1996%40gmail.com&password=WalkingDead2010&phoneNumber=6307803244&dob=1996-12-12&preferredLocation=2 HTTP/1.1" 200 40 "http://alaweenies.web.illinois.edu/login/" "Mozilla/5.0 (Macintosh; Intel Mac OS X 10.13; rv:64.0) Gecko/20100101 Firefox/64.0"
98.228.62.214 - - [04/Dec/2018:10:21:03 -0600] "GET /order/?customerId=68571 HTTP/1.1" 200 26423 "http://alaweenies.web.illinois.edu/login/" "Mozilla/5.0 (Macintosh; Intel Mac OS X 10.13; rv:64.0) Gecko/20100101 Firefox/64.0"
98.228.62.214 - - [04/Dec/2018:10:21:03 -0600] "GET /order/order.css HTTP/1.1" 404 3938 "http://alaweenies.web.illinois.edu/order/?customerId=68571" "Mozilla/5.0 (Macintosh; Intel Mac OS X 10.13; rv:64.0) Gecko/20100101 Firefox/64.0"
98.228.62.214 - - [04/Dec/2018:10:21:03 -0600] "GET /order/get_most_popular/?restaurantId=0 HTTP/1.1" 200 64 "http://alaweenies.web.illinois.edu/order/?customerId=68571" "Mozilla/5.0 (Macintosh; Intel Mac OS X 10.13; rv:64.0) Gecko/20100101 Firefox/64.0"
98.228.62.214 - - [04/Dec/2018:10:21:03 -0600] "GET /order/get_price_modifier/ HTTP/1.1" 200 25 "http://alaweenies.web.illinois.edu/order/?customerId=68571" "Mozilla/5.0 (Macintosh; Intel Mac OS X 10.13; rv:64.0) Gecko/20100101 Firefox/64.0"
98.228.62.214 - - [04/Dec/2018:10:21:03 -0600] "GET /order/get_user/?customerId=68571 HTTP/1.1" 200 40 "http://alaweenies.web.illinois.edu/order/?customerId=68571" "Mozilla/5.0 (Macintosh; Intel Mac OS X 10.13; rv:64.0) Gecko/20100101 Firefox/64.0"
98.228.62.214 - - [04/Dec/2018:10:21:06 -0600] "GET /order/get_most_popular/?restaurantId=0 HTTP/1.1" 200 64 "-" "Mozilla/5.0 (Windows NT 10.0; Win64; x64) AppleWebKit/537.36 (KHTML, like Gecko) Chrome/70.0.3538.110 Safari/537.36"
98.228.62.214 - - [04/Dec/2018:10:21:12 -0600] "GET / HTTP/1.1" 304 - "-" "Mozilla/5.0 (Windows NT 10.0; Win64; x64) AppleWebKit/537.36 (KHTML, like Gecko) Chrome/70.0.3538.110 Safari/537.36"
98.228.62.214 - - [04/Dec/2018:10:21:12 -0600] "GET /css/bootstrap.min.css HTTP/1.1" 304 - "http://alaweenies.web.illinois.edu/" "Mozilla/5.0 (Windows NT 10.0; Win64; x64) AppleWebKit/537.36 (KHTML, like Gecko) Chrome/70.0.3538.110 Safari/537.36"
98.228.62.214 - - [04/Dec/2018:10:21:12 -0600] "GET /css/open-iconic-bootstrap.min.css HTTP/1.1" 304 - "http://alaweenies.web.illinois.edu/" "Mozilla/5.0 (Windows NT 10.0; Win64; x64) AppleWebKit/537.36 (KHTML, like Gecko) Chrome/70.0.3538.110 Safari/537.36"
98.228.62.214 - - [04/Dec/2018:10:21:12 -0600] "GET /css/animate.css HTTP/1.1" 304 - "http://alaweenies.web.illinois.edu/" "Mozilla/5.0 (Windows NT 10.0; Win64; x64) AppleWebKit/537.36 (KHTML, like Gecko) Chrome/70.0.3538.110 Safari/537.36"
98.228.62.214 - - [04/Dec/2018:10:21:12 -0600] "GET /css/owl.carousel.min.css HTTP/1.1" 304 - "http://alaweenies.web.illinois.edu/" "Mozilla/5.0 (Windows NT 10.0; Win64; x64) AppleWebKit/537.36 (KHTML, like Gecko) Chrome/70.0.3538.110 Safari/537.36"
98.228.62.214 - - [04/Dec/2018:10:21:12 -0600] "GET /css/owl.theme.default.min.css HTTP/1.1" 304 - "http://alaweenies.web.illinois.edu/" "Mozilla/5.0 (Windows NT 10.0; Win64; x64) AppleWebKit/537.36 (KHTML, like Gecko) Chrome/70.0.3538.110 Safari/537.36"
98.228.62.214 - - [04/Dec/2018:10:21:12 -0600] "GET /css/magnific-popup.css HTTP/1.1" 304 - "http://alaweenies.web.illinois.edu/" "Mozilla/5.0 (Windows NT 10.0; Win64; x64) AppleWebKit/537.36 (KHTML, like Gecko) Chrome/70.0.3538.110 Safari/537.36"
98.228.62.214 - - [04/Dec/2018:10:21:12 -0600] "GET /css/bootstrap-datepicker.css HTTP/1.1" 304 - "http://alaweenies.web.illinois.edu/" "Mozilla/5.0 (Windows NT 10.0; Win64; x64) AppleWebKit/537.36 (KHTML, like Gecko) Chrome/70.0.3538.110 Safari/537.36"
98.228.62.214 - - [04/Dec/2018:10:21:12 -0600] "GET /css/jquery.timepicker.css HTTP/1.1" 304 - "http://alaweenies.web.illinois.edu/" "Mozilla/5.0 (Windows NT 10.0; Win64; x64) AppleWebKit/537.36 (KHTML, like Gecko) Chrome/70.0.3538.110 Safari/537.36"
98.228.62.214 - - [04/Dec/2018:10:21:12 -0600] "GET /css/icomoon.css HTTP/1.1" 304 - "http://alaweenies.web.illinois.edu/" "Mozilla/5.0 (Windows NT 10.0; Win64; x64) AppleWebKit/537.36 (KHTML, like Gecko) Chrome/70.0.3538.110 Safari/537.36"
98.228.62.214 - - [04/Dec/2018:10:21:12 -0600] "GET /css/style.css HTTP/1.1" 304 - "http://alaweenies.web.illinois.edu/" "Mozilla/5.0 (Windows NT 10.0; Win64; x64) AppleWebKit/537.36 (KHTML, like Gecko) Chrome/70.0.3538.110 Safari/537.36"
98.228.62.214 - - [04/Dec/2018:10:21:12 -0600] "GET /images/logo.png HTTP/1.1" 304 - "http://alaweenies.web.illinois.edu/" "Mozilla/5.0 (Windows NT 10.0; Win64; x64) AppleWebKit/537.36 (KHTML, like Gecko) Chrome/70.0.3538.110 Safari/537.36"
98.228.62.214 - - [04/Dec/2018:10:21:12 -0600] "GET /images/about_img_1.jpg HTTP/1.1" 304 - "http://alaweenies.web.illinois.edu/" "Mozilla/5.0 (Windows NT 10.0; Win64; x64) AppleWebKit/537.36 (KHTML, like Gecko) Chrome/70.0.3538.110 Safari/537.36"
98.228.62.214 - - [04/Dec/2018:10:21:12 -0600] "GET /js/jquery.min.js HTTP/1.1" 304 - "http://alaweenies.web.illinois.edu/" "Mozilla/5.0 (Windows NT 10.0; Win64; x64) AppleWebKit/537.36 (KHTML, like Gecko) Chrome/70.0.3538.110 Safari/537.36"
98.228.62.214 - - [04/Dec/2018:10:21:12 -0600] "GET /js/popper.min.js HTTP/1.1" 304 - "http://alaweenies.web.illinois.edu/" "Mozilla/5.0 (Windows NT 10.0; Win64; x64) AppleWebKit/537.36 (KHTML, like Gecko) Chrome/70.0.3538.110 Safari/537.36"
98.228.62.214 - - [04/Dec/2018:10:21:12 -0600] "GET /js/bootstrap.min.js HTTP/1.1" 304 - "http://alaweenies.web.illinois.edu/" "Mozilla/5.0 (Windows NT 10.0; Win64; x64) AppleWebKit/537.36 (KHTML, like Gecko) Chrome/70.0.3538.110 Safari/537.36"
98.228.62.214 - - [04/Dec/2018:10:21:12 -0600] "GET /js/jquery.easing.1.3.js HTTP/1.1" 304 - "http://alaweenies.web.illinois.edu/" "Mozilla/5.0 (Windows NT 10.0; Win64; x64) AppleWebKit/537.36 (KHTML, like Gecko) Chrome/70.0.3538.110 Safari/537.36"
98.228.62.214 - - [04/Dec/2018:10:21:12 -0600] "GET /js/jquery.waypoints.min.js HTTP/1.1" 304 - "http://alaweenies.web.illinois.edu/" "Mozilla/5.0 (Windows NT 10.0; Win64; x64) AppleWebKit/537.36 (KHTML, like Gecko) Chrome/70.0.3538.110 Safari/537.36"
98.228.62.214 - - [04/Dec/2018:10:21:12 -0600] "GET /js/owl.carousel.min.js HTTP/1.1" 304 - "http://alaweenies.web.illinois.edu/" "Mozilla/5.0 (Windows NT 10.0; Win64; x64) AppleWebKit/537.36 (KHTML, like Gecko) Chrome/70.0.3538.110 Safari/537.36"
98.228.62.214 - - [04/Dec/2018:10:21:12 -0600] "GET /fonts/icomoon/icomoon.ttf?lir4dr HTTP/1.1" 304 - "http://alaweenies.web.illinois.edu/css/icomoon.css" "Mozilla/5.0 (Windows NT 10.0; Win64; x64) AppleWebKit/537.36 (KHTML, like Gecko) Chrome/70.0.3538.110 Safari/537.36"
98.228.62.214 - - [04/Dec/2018:10:21:12 -0600] "GET /js/jquery.magnific-popup.min.js HTTP/1.1" 304 - "http://alaweenies.web.illinois.edu/" "Mozilla/5.0 (Windows NT 10.0; Win64; x64) AppleWebKit/537.36 (KHTML, like Gecko) Chrome/70.0.3538.110 Safari/537.36"
98.228.62.214 - - [04/Dec/2018:10:21:12 -0600] "GET /js/bootstrap-datepicker.js HTTP/1.1" 304 - "http://alaweenies.web.illinois.edu/" "Mozilla/5.0 (Windows NT 10.0; Win64; x64) AppleWebKit/537.36 (KHTML, like Gecko) Chrome/70.0.3538.110 Safari/537.36"
98.228.62.214 - - [04/Dec/2018:10:21:12 -0600] "GET /js/jquery.timepicker.min.js HTTP/1.1" 304 - "http://alaweenies.web.illinois.edu/" "Mozilla/5.0 (Windows NT 10.0; Win64; x64) AppleWebKit/537.36 (KHTML, like Gecko) Chrome/70.0.3538.110 Safari/537.36"
98.228.62.214 - - [04/Dec/2018:10:21:12 -0600] "GET /js/jquery.animateNumber.min.js HTTP/1.1" 304 - "http://alaweenies.web.illinois.edu/" "Mozilla/5.0 (Windows NT 10.0; Win64; x64) AppleWebKit/537.36 (KHTML, like Gecko) Chrome/70.0.3538.110 Safari/537.36"
98.228.62.214 - - [04/Dec/2018:10:21:12 -0600] "GET /images/bg_3.jpg HTTP/1.1" 304 - "http://alaweenies.web.illinois.edu/" "Mozilla/5.0 (Windows NT 10.0; Win64; x64) AppleWebKit/537.36 (KHTML, like Gecko) Chrome/70.0.3538.110 Safari/537.36"
98.228.62.214 - - [04/Dec/2018:10:21:12 -0600] "GET /js/google-map.js HTTP/1.1" 304 - "http://alaweenies.web.illinois.edu/" "Mozilla/5.0 (Windows NT 10.0; Win64; x64) AppleWebKit/537.36 (KHTML, like Gecko) Chrome/70.0.3538.110 Safari/537.36"
98.228.62.214 - - [04/Dec/2018:10:21:12 -0600] "GET /js/main.js HTTP/1.1" 304 - "http://alaweenies.web.illinois.edu/" "Mozilla/5.0 (Windows NT 10.0; Win64; x64) AppleWebKit/537.36 (KHTML, like Gecko) Chrome/70.0.3538.110 Safari/537.36"
98.228.62.214 - - [04/Dec/2018:10:21:13 -0600] "GET /images/offer_1.jpg HTTP/1.1" 304 - "http://alaweenies.web.illinois.edu/" "Mozilla/5.0 (Windows NT 10.0; Win64; x64) AppleWebKit/537.36 (KHTML, like Gecko) Chrome/70.0.3538.110 Safari/537.36"
98.228.62.214 - - [04/Dec/2018:10:21:13 -0600] "GET /images/offer_2.jpg HTTP/1.1" 304 - "http://alaweenies.web.illinois.edu/" "Mozilla/5.0 (Windows NT 10.0; Win64; x64) AppleWebKit/537.36 (KHTML, like Gecko) Chrome/70.0.3538.110 Safari/537.36"
98.228.62.214 - - [04/Dec/2018:10:21:13 -0600] "GET /images/offer_3.jpg HTTP/1.1" 304 - "http://alaweenies.web.illinois.edu/" "Mozilla/5.0 (Windows NT 10.0; Win64; x64) AppleWebKit/537.36 (KHTML, like Gecko) Chrome/70.0.3538.110 Safari/537.36"
98.228.62.214 - - [04/Dec/2018:10:21:13 -0600] "GET /images/menu_1.jpg HTTP/1.1" 304 - "http://alaweenies.web.illinois.edu/" "Mozilla/5.0 (Windows NT 10.0; Win64; x64) AppleWebKit/537.36 (KHTML, like Gecko) Chrome/70.0.3538.110 Safari/537.36"
98.228.62.214 - - [04/Dec/2018:10:21:13 -0600] "GET /images/menu_2.jpg HTTP/1.1" 304 - "http://alaweenies.web.illinois.edu/" "Mozilla/5.0 (Windows NT 10.0; Win64; x64) AppleWebKit/537.36 (KHTML, like Gecko) Chrome/70.0.3538.110 Safari/537.36"
98.228.62.214 - - [04/Dec/2018:10:21:13 -0600] "GET /images/menu_3.jpg HTTP/1.1" 304 - "http://alaweenies.web.illinois.edu/" "Mozilla/5.0 (Windows NT 10.0; Win64; x64) AppleWebKit/537.36 (KHTML, like Gecko) Chrome/70.0.3538.110 Safari/537.36"
98.228.62.214 - - [04/Dec/2018:10:21:15 -0600] "GET /login/ HTTP/1.1" 200 9723 "http://alaweenies.web.illinois.edu/" "Mozilla/5.0 (Windows NT 10.0; Win64; x64) AppleWebKit/537.36 (KHTML, like Gecko) Chrome/70.0.3538.110 Safari/537.36"
98.228.62.214 - - [04/Dec/2018:10:21:15 -0600] "GET /login/login.css HTTP/1.1" 404 3544 "http://alaweenies.web.illinois.edu/login/" "Mozilla/5.0 (Windows NT 10.0; Win64; x64) AppleWebKit/537.36 (KHTML, like Gecko) Chrome/70.0.3538.110 Safari/537.36"
98.228.62.214 - - [04/Dec/2018:10:21:22 -0600] "GET /login/ HTTP/1.1" 200 9723 "http://alaweenies.web.illinois.edu/" "Mozilla/5.0 (Windows NT 10.0; Win64; x64) AppleWebKit/537.36 (KHTML, like Gecko) Chrome/70.0.3538.110 Safari/537.36"
98.228.62.214 - - [04/Dec/2018:10:21:22 -0600] "GET /login/login.css HTTP/1.1" 404 3544 "http://alaweenies.web.illinois.edu/login/" "Mozilla/5.0 (Windows NT 10.0; Win64; x64) AppleWebKit/537.36 (KHTML, like Gecko) Chrome/70.0.3538.110 Safari/537.36"
98.212.148.182 - - [04/Dec/2018:10:21:24 -0600] "GET /tracking/get_pending_orders/?driverId=4 HTTP/1.1" 200 35 "http://alaweenies.web.illinois.edu/tracking/" "Mozilla/5.0 (Windows NT 10.0; Win64; x64) AppleWebKit/537.36 (KHTML, like Gecko) Chrome/70.0.3538.110 Safari/537.36"
98.228.62.214 - - [04/Dec/2018:10:21:26 -0600] "GET /login/login_user/?email=alaweenies%40alaweenies.com&password=alaweenies HTTP/1.1" 200 38 "http://alaweenies.web.illinois.edu/login/" "Mozilla/5.0 (Windows NT 10.0; Win64; x64) AppleWebKit/537.36 (KHTML, like Gecko) Chrome/70.0.3538.110 Safari/537.36"
98.228.62.214 - - [04/Dec/2018:10:21:26 -0600] "GET /order/?customerId=66666 HTTP/1.1" 200 26423 "http://alaweenies.web.illinois.edu/login/" "Mozilla/5.0 (Windows NT 10.0; Win64; x64) AppleWebKit/537.36 (KHTML, like Gecko) Chrome/70.0.3538.110 Safari/537.36"
98.228.62.214 - - [04/Dec/2018:10:21:26 -0600] "GET /order/order.css HTTP/1.1" 404 3938 "http://alaweenies.web.illinois.edu/order/?customerId=66666" "Mozilla/5.0 (Windows NT 10.0; Win64; x64) AppleWebKit/537.36 (KHTML, like Gecko) Chrome/70.0.3538.110 Safari/537.36"
98.228.62.214 - - [04/Dec/2018:10:21:27 -0600] "GET /order/get_most_popular/?restaurantId=0 HTTP/1.1" 200 64 "http://alaweenies.web.illinois.edu/order/?customerId=66666" "Mozilla/5.0 (Windows NT 10.0; Win64; x64) AppleWebKit/537.36 (KHTML, like Gecko) Chrome/70.0.3538.110 Safari/537.36"
98.228.62.214 - - [04/Dec/2018:10:21:27 -0600] "GET /order/get_user/?customerId=66666 HTTP/1.1" 200 38 "http://alaweenies.web.illinois.edu/order/?customerId=66666" "Mozilla/5.0 (Windows NT 10.0; Win64; x64) AppleWebKit/537.36 (KHTML, like Gecko) Chrome/70.0.3538.110 Safari/537.36"
98.228.62.214 - - [04/Dec/2018:10:21:27 -0600] "GET /order/get_price_modifier/ HTTP/1.1" 200 25 "http://alaweenies.web.illinois.edu/order/?customerId=66666" "Mozilla/5.0 (Windows NT 10.0; Win64; x64) AppleWebKit/537.36 (KHTML, like Gecko) Chrome/70.0.3538.110 Safari/537.36"
98.228.62.214 - - [04/Dec/2018:10:21:31 -0600] "GET /order/get_most_popular/?restaurantId=1 HTTP/1.1" 200 64 "http://alaweenies.web.illinois.edu/order/?customerId=66666" "Mozilla/5.0 (Windows NT 10.0; Win64; x64) AppleWebKit/537.36 (KHTML, like Gecko) Chrome/70.0.3538.110 Safari/537.36"
98.228.62.214 - - [04/Dec/2018:10:21:34 -0600] "GET /order/get_most_popular/?restaurantId=2 HTTP/1.1" 200 67 "http://alaweenies.web.illinois.edu/order/?customerId=66666" "Mozilla/5.0 (Windows NT 10.0; Win64; x64) AppleWebKit/537.36 (KHTML, like Gecko) Chrome/70.0.3538.110 Safari/537.36"
98.228.62.214 - - [04/Dec/2018:10:21:52 -0600] "GET /order/get_most_popular/?restaurantId=3 HTTP/1.1" 200 64 "http://alaweenies.web.illinois.edu/order/?customerId=66666" "Mozilla/5.0 (Windows NT 10.0; Win64; x64) AppleWebKit/537.36 (KHTML, like Gecko) Chrome/70.0.3538.110 Safari/537.36"
98.212.148.182 - - [04/Dec/2018:10:21:54 -0600] "GET /tracking/get_pending_orders/?driverId=4 HTTP/1.1" 200 35 "http://alaweenies.web.illinois.edu/tracking/" "Mozilla/5.0 (Windows NT 10.0; Win64; x64) AppleWebKit/537.36 (KHTML, like Gecko) Chrome/70.0.3538.110 Safari/537.36"
98.228.62.214 - - [04/Dec/2018:10:22:01 -0600] "GET /order/get_most_popular/?restaurantId=2 HTTP/1.1" 200 67 "http://alaweenies.web.illinois.edu/order/?customerId=66666" "Mozilla/5.0 (Windows NT 10.0; Win64; x64) AppleWebKit/537.36 (KHTML, like Gecko) Chrome/70.0.3538.110 Safari/537.36"
98.228.62.214 - - [04/Dec/2018:10:22:05 -0600] "GET /order/get_most_popular/?restaurantId=1 HTTP/1.1" 200 64 "http://alaweenies.web.illinois.edu/order/?customerId=66666" "Mozilla/5.0 (Windows NT 10.0; Win64; x64) AppleWebKit/537.36 (KHTML, like Gecko) Chrome/70.0.3538.110 Safari/537.36"
98.228.62.214 - - [04/Dec/2018:10:22:09 -0600] "GET /order/get_most_popular/?restaurantId=0 HTTP/1.1" 200 64 "http://alaweenies.web.illinois.edu/order/?customerId=66666" "Mozilla/5.0 (Windows NT 10.0; Win64; x64) AppleWebKit/537.36 (KHTML, like Gecko) Chrome/70.0.3538.110 Safari/537.36"
98.228.62.214 - - [04/Dec/2018:10:22:12 -0600] "GET /order/get_most_popular/?restaurantId=1 HTTP/1.1" 200 64 "http://alaweenies.web.illinois.edu/order/?customerId=66666" "Mozilla/5.0 (Windows NT 10.0; Win64; x64) AppleWebKit/537.36 (KHTML, like Gecko) Chrome/70.0.3538.110 Safari/537.36"
98.212.148.182 - - [04/Dec/2018:10:22:24 -0600] "GET /tracking/get_pending_orders/?driverId=4 HTTP/1.1" 200 35 "http://alaweenies.web.illinois.edu/tracking/" "Mozilla/5.0 (Windows NT 10.0; Win64; x64) AppleWebKit/537.36 (KHTML, like Gecko) Chrome/70.0.3538.110 Safari/537.36"
98.212.148.182 - - [04/Dec/2018:10:22:54 -0600] "GET /tracking/get_pending_orders/?driverId=4 HTTP/1.1" 200 35 "http://alaweenies.web.illinois.edu/tracking/" "Mozilla/5.0 (Windows NT 10.0; Win64; x64) AppleWebKit/537.36 (KHTML, like Gecko) Chrome/70.0.3538.110 Safari/537.36"
98.228.62.214 - - [04/Dec/2018:10:23:03 -0600] "POST /order/post_order/ HTTP/1.1" 200 16 "http://alaweenies.web.illinois.edu/order/?customerId=66666" "Mozilla/5.0 (Windows NT 10.0; Win64; x64) AppleWebKit/537.36 (KHTML, like Gecko) Chrome/70.0.3538.110 Safari/537.36"
98.228.62.214 - - [04/Dec/2018:10:23:03 -0600] "GET /checkout/?orderId=110 HTTP/1.1" 200 10920 "http://alaweenies.web.illinois.edu/order/?customerId=66666" "Mozilla/5.0 (Windows NT 10.0; Win64; x64) AppleWebKit/537.36 (KHTML, like Gecko) Chrome/70.0.3538.110 Safari/537.36"
98.228.62.214 - - [04/Dec/2018:10:23:03 -0600] "GET /checkout/checkout.css HTTP/1.1" 404 3964 "http://alaweenies.web.illinois.edu/checkout/?orderId=110" "Mozilla/5.0 (Windows NT 10.0; Win64; x64) AppleWebKit/537.36 (KHTML, like Gecko) Chrome/70.0.3538.110 Safari/537.36"
98.228.62.214 - - [04/Dec/2018:10:23:04 -0600] "GET /checkout/get_drivers/?locationId=1 HTTP/1.1" 200 41 "http://alaweenies.web.illinois.edu/checkout/?orderId=110" "Mozilla/5.0 (Windows NT 10.0; Win64; x64) AppleWebKit/537.36 (KHTML, like Gecko) Chrome/70.0.3538.110 Safari/537.36"
98.228.62.214 - - [04/Dec/2018:10:23:16 -0600] "POST /checkout/update_address/ HTTP/1.1" 200 17 "http://alaweenies.web.illinois.edu/checkout/?orderId=110" "Mozilla/5.0 (Windows NT 10.0; Win64; x64) AppleWebKit/537.36 (KHTML, like Gecko) Chrome/70.0.3538.110 Safari/537.36"
98.228.62.214 - - [04/Dec/2018:10:23:16 -0600] "POST /checkout/update_driver/ HTTP/1.1" 200 17 "http://alaweenies.web.illinois.edu/checkout/?orderId=110" "Mozilla/5.0 (Windows NT 10.0; Win64; x64) AppleWebKit/537.36 (KHTML, like Gecko) Chrome/70.0.3538.110 Safari/537.36"
98.228.62.214 - - [04/Dec/2018:10:23:16 -0600] "GET /tracking HTTP/1.1" 301 - "http://alaweenies.web.illinois.edu/checkout/?orderId=110" "Mozilla/5.0 (Windows NT 10.0; Win64; x64) AppleWebKit/537.36 (KHTML, like Gecko) Chrome/70.0.3538.110 Safari/537.36"
98.228.62.214 - - [04/Dec/2018:10:23:16 -0600] "GET /tracking/ HTTP/1.1" 200 5830 "http://alaweenies.web.illinois.edu/checkout/?orderId=110" "Mozilla/5.0 (Windows NT 10.0; Win64; x64) AppleWebKit/537.36 (KHTML, like Gecko) Chrome/70.0.3538.110 Safari/537.36"
98.228.62.214 - - [04/Dec/2018:10:23:16 -0600] "GET /tracking/checkout.css HTTP/1.1" 404 3398 "http://alaweenies.web.illinois.edu/tracking/" "Mozilla/5.0 (Windows NT 10.0; Win64; x64) AppleWebKit/537.36 (KHTML, like Gecko) Chrome/70.0.3538.110 Safari/537.36"
98.228.62.214 - - [04/Dec/2018:10:23:16 -0600] "GET /tracking/checkout.js HTTP/1.1" 404 3395 "http://alaweenies.web.illinois.edu/tracking/" "Mozilla/5.0 (Windows NT 10.0; Win64; x64) AppleWebKit/537.36 (KHTML, like Gecko) Chrome/70.0.3538.110 Safari/537.36"
98.228.62.214 - - [04/Dec/2018:10:23:16 -0600] "GET /tracking/checkout.js HTTP/1.1" 404 3395 "http://alaweenies.web.illinois.edu/tracking/" "Mozilla/5.0 (Windows NT 10.0; Win64; x64) AppleWebKit/537.36 (KHTML, like Gecko) Chrome/70.0.3538.110 Safari/537.36"
98.228.62.214 - - [04/Dec/2018:10:23:16 -0600] "GET /tracking/get_driver/?driverId=2 HTTP/1.1" 200 64 "http://alaweenies.web.illinois.edu/tracking/" "Mozilla/5.0 (Windows NT 10.0; Win64; x64) AppleWebKit/537.36 (KHTML, like Gecko) Chrome/70.0.3538.110 Safari/537.36"
98.228.62.214 - - [04/Dec/2018:10:23:16 -0600] "GET /tracking/get_pending_orders/?driverId=2 HTTP/1.1" 200 36 "http://alaweenies.web.illinois.edu/tracking/" "Mozilla/5.0 (Windows NT 10.0; Win64; x64) AppleWebKit/537.36 (KHTML, like Gecko) Chrome/70.0.3538.110 Safari/537.36"
98.212.148.182 - - [04/Dec/2018:10:23:24 -0600] "GET /tracking/get_pending_orders/?driverId=4 HTTP/1.1" 200 35 "http://alaweenies.web.illinois.edu/tracking/" "Mozilla/5.0 (Windows NT 10.0; Win64; x64) AppleWebKit/537.36 (KHTML, like Gecko) Chrome/70.0.3538.110 Safari/537.36"
98.228.62.214 - - [04/Dec/2018:10:23:46 -0600] "GET /tracking/get_pending_orders/?driverId=2 HTTP/1.1" 200 36 "http://alaweenies.web.illinois.edu/tracking/" "Mozilla/5.0 (Windows NT 10.0; Win64; x64) AppleWebKit/537.36 (KHTML, like Gecko) Chrome/70.0.3538.110 Safari/537.36"
98.212.148.182 - - [04/Dec/2018:10:23:54 -0600] "GET /tracking/get_pending_orders/?driverId=4 HTTP/1.1" 200 35 "http://alaweenies.web.illinois.edu/tracking/" "Mozilla/5.0 (Windows NT 10.0; Win64; x64) AppleWebKit/537.36 (KHTML, like Gecko) Chrome/70.0.3538.110 Safari/537.36"
98.228.62.214 - - [04/Dec/2018:10:24:17 -0600] "GET /tracking/get_pending_orders/?driverId=2 HTTP/1.1" 200 36 "http://alaweenies.web.illinois.edu/tracking/" "Mozilla/5.0 (Windows NT 10.0; Win64; x64) AppleWebKit/537.36 (KHTML, like Gecko) Chrome/70.0.3538.110 Safari/537.36"
98.212.148.182 - - [04/Dec/2018:10:24:24 -0600] "GET /tracking/get_pending_orders/?driverId=4 HTTP/1.1" 200 35 "http://alaweenies.web.illinois.edu/tracking/" "Mozilla/5.0 (Windows NT 10.0; Win64; x64) AppleWebKit/537.36 (KHTML, like Gecko) Chrome/70.0.3538.110 Safari/537.36"
98.228.62.214 - - [04/Dec/2018:10:24:30 -0600] "GET /index.html HTTP/1.1" 200 32489 "http://alaweenies.web.illinois.edu/tracking/" "Mozilla/5.0 (Windows NT 10.0; Win64; x64) AppleWebKit/537.36 (KHTML, like Gecko) Chrome/70.0.3538.110 Safari/537.36"
98.228.62.214 - - [04/Dec/2018:10:24:33 -0600] "GET /login/ HTTP/1.1" 200 9723 "http://alaweenies.web.illinois.edu/index.html" "Mozilla/5.0 (Windows NT 10.0; Win64; x64) AppleWebKit/537.36 (KHTML, like Gecko) Chrome/70.0.3538.110 Safari/537.36"
98.228.62.214 - - [04/Dec/2018:10:24:33 -0600] "GET /login/login.css HTTP/1.1" 404 3544 "http://alaweenies.web.illinois.edu/login/" "Mozilla/5.0 (Windows NT 10.0; Win64; x64) AppleWebKit/537.36 (KHTML, like Gecko) Chrome/70.0.3538.110 Safari/537.36"
98.228.62.214 - - [04/Dec/2018:10:24:37 -0600] "GET /login/login_user/?email=alaweenies%40alaweenies.com&password=alaweenies HTTP/1.1" 200 38 "http://alaweenies.web.illinois.edu/login/" "Mozilla/5.0 (Windows NT 10.0; Win64; x64) AppleWebKit/537.36 (KHTML, like Gecko) Chrome/70.0.3538.110 Safari/537.36"
98.228.62.214 - - [04/Dec/2018:10:24:37 -0600] "GET /order/?customerId=66666 HTTP/1.1" 200 26423 "http://alaweenies.web.illinois.edu/login/" "Mozilla/5.0 (Windows NT 10.0; Win64; x64) AppleWebKit/537.36 (KHTML, like Gecko) Chrome/70.0.3538.110 Safari/537.36"
98.228.62.214 - - [04/Dec/2018:10:24:37 -0600] "GET /order/order.css HTTP/1.1" 404 3938 "http://alaweenies.web.illinois.edu/order/?customerId=66666" "Mozilla/5.0 (Windows NT 10.0; Win64; x64) AppleWebKit/537.36 (KHTML, like Gecko) Chrome/70.0.3538.110 Safari/537.36"
98.228.62.214 - - [04/Dec/2018:10:24:37 -0600] "GET /order/get_price_modifier/ HTTP/1.1" 200 25 "http://alaweenies.web.illinois.edu/order/?customerId=66666" "Mozilla/5.0 (Windows NT 10.0; Win64; x64) AppleWebKit/537.36 (KHTML, like Gecko) Chrome/70.0.3538.110 Safari/537.36"
98.228.62.214 - - [04/Dec/2018:10:24:37 -0600] "GET /order/get_most_popular/?restaurantId=0 HTTP/1.1" 200 64 "http://alaweenies.web.illinois.edu/order/?customerId=66666" "Mozilla/5.0 (Windows NT 10.0; Win64; x64) AppleWebKit/537.36 (KHTML, like Gecko) Chrome/70.0.3538.110 Safari/537.36"
98.228.62.214 - - [04/Dec/2018:10:24:37 -0600] "GET /order/get_user/?customerId=66666 HTTP/1.1" 200 38 "http://alaweenies.web.illinois.edu/order/?customerId=66666" "Mozilla/5.0 (Windows NT 10.0; Win64; x64) AppleWebKit/537.36 (KHTML, like Gecko) Chrome/70.0.3538.110 Safari/537.36"
98.212.148.182 - - [04/Dec/2018:10:24:54 -0600] "GET /tracking/get_pending_orders/?driverId=4 HTTP/1.1" 200 35 "http://alaweenies.web.illinois.edu/tracking/" "Mozilla/5.0 (Windows NT 10.0; Win64; x64) AppleWebKit/537.36 (KHTML, like Gecko) Chrome/70.0.3538.110 Safari/537.36"
98.228.62.214 - - [04/Dec/2018:10:25:07 -0600] "GET /order/get_most_popular/?restaurantId=1 HTTP/1.1" 200 64 "http://alaweenies.web.illinois.edu/order/?customerId=66666" "Mozilla/5.0 (Windows NT 10.0; Win64; x64) AppleWebKit/537.36 (KHTML, like Gecko) Chrome/70.0.3538.110 Safari/537.36"
98.228.62.214 - - [04/Dec/2018:10:25:09 -0600] "GET /order/get_most_popular/?restaurantId=2 HTTP/1.1" 200 67 "http://alaweenies.web.illinois.edu/order/?customerId=66666" "Mozilla/5.0 (Windows NT 10.0; Win64; x64) AppleWebKit/537.36 (KHTML, like Gecko) Chrome/70.0.3538.110 Safari/537.36"
98.212.148.182 - - [04/Dec/2018:10:25:24 -0600] "GET /tracking/get_pending_orders/?driverId=4 HTTP/1.1" 200 35 "http://alaweenies.web.illinois.edu/tracking/" "Mozilla/5.0 (Windows NT 10.0; Win64; x64) AppleWebKit/537.36 (KHTML, like Gecko) Chrome/70.0.3538.110 Safari/537.36"
98.228.62.214 - - [04/Dec/2018:10:25:31 -0600] "POST /order/post_order/ HTTP/1.1" 200 16 "http://alaweenies.web.illinois.edu/order/?customerId=66666" "Mozilla/5.0 (Windows NT 10.0; Win64; x64) AppleWebKit/537.36 (KHTML, like Gecko) Chrome/70.0.3538.110 Safari/537.36"
98.228.62.214 - - [04/Dec/2018:10:25:31 -0600] "GET /checkout/?orderId=111 HTTP/1.1" 200 10920 "http://alaweenies.web.illinois.edu/order/?customerId=66666" "Mozilla/5.0 (Windows NT 10.0; Win64; x64) AppleWebKit/537.36 (KHTML, like Gecko) Chrome/70.0.3538.110 Safari/537.36"
98.228.62.214 - - [04/Dec/2018:10:25:32 -0600] "GET /checkout/checkout.css HTTP/1.1" 404 3964 "http://alaweenies.web.illinois.edu/checkout/?orderId=111" "Mozilla/5.0 (Windows NT 10.0; Win64; x64) AppleWebKit/537.36 (KHTML, like Gecko) Chrome/70.0.3538.110 Safari/537.36"
98.228.62.214 - - [04/Dec/2018:10:25:32 -0600] "GET /checkout/get_drivers/?locationId=2 HTTP/1.1" 200 43 "http://alaweenies.web.illinois.edu/checkout/?orderId=111" "Mozilla/5.0 (Windows NT 10.0; Win64; x64) AppleWebKit/537.36 (KHTML, like Gecko) Chrome/70.0.3538.110 Safari/537.36"
98.228.62.214 - - [04/Dec/2018:10:25:37 -0600] "POST /checkout/update_address/ HTTP/1.1" 200 17 "http://alaweenies.web.illinois.edu/checkout/?orderId=111" "Mozilla/5.0 (Windows NT 10.0; Win64; x64) AppleWebKit/537.36 (KHTML, like Gecko) Chrome/70.0.3538.110 Safari/537.36"
98.228.62.214 - - [04/Dec/2018:10:25:37 -0600] "POST /checkout/update_driver/ HTTP/1.1" 200 17 "http://alaweenies.web.illinois.edu/checkout/?orderId=111" "Mozilla/5.0 (Windows NT 10.0; Win64; x64) AppleWebKit/537.36 (KHTML, like Gecko) Chrome/70.0.3538.110 Safari/537.36"
98.228.62.214 - - [04/Dec/2018:10:25:37 -0600] "GET /tracking/ HTTP/1.1" 200 5830 "http://alaweenies.web.illinois.edu/checkout/?orderId=111" "Mozilla/5.0 (Windows NT 10.0; Win64; x64) AppleWebKit/537.36 (KHTML, like Gecko) Chrome/70.0.3538.110 Safari/537.36"
98.228.62.214 - - [04/Dec/2018:10:25:37 -0600] "GET /tracking/checkout.js HTTP/1.1" 404 3395 "http://alaweenies.web.illinois.edu/tracking/" "Mozilla/5.0 (Windows NT 10.0; Win64; x64) AppleWebKit/537.36 (KHTML, like Gecko) Chrome/70.0.3538.110 Safari/537.36"
98.228.62.214 - - [04/Dec/2018:10:25:37 -0600] "GET /tracking/checkout.css HTTP/1.1" 404 3398 "http://alaweenies.web.illinois.edu/tracking/" "Mozilla/5.0 (Windows NT 10.0; Win64; x64) AppleWebKit/537.36 (KHTML, like Gecko) Chrome/70.0.3538.110 Safari/537.36"
98.228.62.214 - - [04/Dec/2018:10:25:37 -0600] "GET /tracking/checkout.js HTTP/1.1" 404 3395 "http://alaweenies.web.illinois.edu/tracking/" "Mozilla/5.0 (Windows NT 10.0; Win64; x64) AppleWebKit/537.36 (KHTML, like Gecko) Chrome/70.0.3538.110 Safari/537.36"
98.228.62.214 - - [04/Dec/2018:10:25:37 -0600] "GET /tracking/get_pending_orders/?driverId=4 HTTP/1.1" 200 56 "http://alaweenies.web.illinois.edu/tracking/" "Mozilla/5.0 (Windows NT 10.0; Win64; x64) AppleWebKit/537.36 (KHTML, like Gecko) Chrome/70.0.3538.110 Safari/537.36"
98.228.62.214 - - [04/Dec/2018:10:25:37 -0600] "GET /tracking/get_driver/?driverId=4 HTTP/1.1" 200 59 "http://alaweenies.web.illinois.edu/tracking/" "Mozilla/5.0 (Windows NT 10.0; Win64; x64) AppleWebKit/537.36 (KHTML, like Gecko) Chrome/70.0.3538.110 Safari/537.36"
98.212.148.182 - - [04/Dec/2018:10:25:54 -0600] "GET /tracking/get_pending_orders/?driverId=4 HTTP/1.1" 200 56 "http://alaweenies.web.illinois.edu/tracking/" "Mozilla/5.0 (Windows NT 10.0; Win64; x64) AppleWebKit/537.36 (KHTML, like Gecko) Chrome/70.0.3538.110 Safari/537.36"
98.228.62.214 - - [04/Dec/2018:10:26:07 -0600] "GET /tracking/get_pending_orders/?driverId=4 HTTP/1.1" 200 56 "http://alaweenies.web.illinois.edu/tracking/" "Mozilla/5.0 (Windows NT 10.0; Win64; x64) AppleWebKit/537.36 (KHTML, like Gecko) Chrome/70.0.3538.110 Safari/537.36"
98.212.148.182 - - [04/Dec/2018:10:26:24 -0600] "GET /tracking/get_pending_orders/?driverId=4 HTTP/1.1" 200 56 "http://alaweenies.web.illinois.edu/tracking/" "Mozilla/5.0 (Windows NT 10.0; Win64; x64) AppleWebKit/537.36 (KHTML, like Gecko) Chrome/70.0.3538.110 Safari/537.36"
98.228.62.214 - - [04/Dec/2018:10:26:37 -0600] "GET /tracking/get_pending_orders/?driverId=4 HTTP/1.1" 200 56 "http://alaweenies.web.illinois.edu/tracking/" "Mozilla/5.0 (Windows NT 10.0; Win64; x64) AppleWebKit/537.36 (KHTML, like Gecko) Chrome/70.0.3538.110 Safari/537.36"
98.212.148.182 - - [04/Dec/2018:10:26:54 -0600] "GET /tracking/get_pending_orders/?driverId=4 HTTP/1.1" 200 56 "http://alaweenies.web.illinois.edu/tracking/" "Mozilla/5.0 (Windows NT 10.0; Win64; x64) AppleWebKit/537.36 (KHTML, like Gecko) Chrome/70.0.3538.110 Safari/537.36"
98.212.148.182 - - [04/Dec/2018:10:27:24 -0600] "GET /tracking/get_pending_orders/?driverId=4 HTTP/1.1" 200 56 "http://alaweenies.web.illinois.edu/tracking/" "Mozilla/5.0 (Windows NT 10.0; Win64; x64) AppleWebKit/537.36 (KHTML, like Gecko) Chrome/70.0.3538.110 Safari/537.36"
98.212.148.182 - - [04/Dec/2018:10:27:54 -0600] "GET /tracking/get_pending_orders/?driverId=4 HTTP/1.1" 200 56 "http://alaweenies.web.illinois.edu/tracking/" "Mozilla/5.0 (Windows NT 10.0; Win64; x64) AppleWebKit/537.36 (KHTML, like Gecko) Chrome/70.0.3538.110 Safari/537.36"
98.212.148.182 - - [04/Dec/2018:10:28:24 -0600] "GET /tracking/get_pending_orders/?driverId=4 HTTP/1.1" 200 56 "http://alaweenies.web.illinois.edu/tracking/" "Mozilla/5.0 (Windows NT 10.0; Win64; x64) AppleWebKit/537.36 (KHTML, like Gecko) Chrome/70.0.3538.110 Safari/537.36"
98.212.148.182 - - [04/Dec/2018:10:28:54 -0600] "GET /tracking/get_pending_orders/?driverId=4 HTTP/1.1" 200 56 "http://alaweenies.web.illinois.edu/tracking/" "Mozilla/5.0 (Windows NT 10.0; Win64; x64) AppleWebKit/537.36 (KHTML, like Gecko) Chrome/70.0.3538.110 Safari/537.36"
98.212.148.182 - - [04/Dec/2018:10:29:24 -0600] "GET /tracking/get_pending_orders/?driverId=4 HTTP/1.1" 200 56 "http://alaweenies.web.illinois.edu/tracking/" "Mozilla/5.0 (Windows NT 10.0; Win64; x64) AppleWebKit/537.36 (KHTML, like Gecko) Chrome/70.0.3538.110 Safari/537.36"
98.212.148.182 - - [04/Dec/2018:10:29:54 -0600] "GET /tracking/get_pending_orders/?driverId=4 HTTP/1.1" 200 56 "http://alaweenies.web.illinois.edu/tracking/" "Mozilla/5.0 (Windows NT 10.0; Win64; x64) AppleWebKit/537.36 (KHTML, like Gecko) Chrome/70.0.3538.110 Safari/537.36"
98.212.148.182 - - [04/Dec/2018:10:30:24 -0600] "GET /tracking/get_pending_orders/?driverId=4 HTTP/1.1" 200 56 "http://alaweenies.web.illinois.edu/tracking/" "Mozilla/5.0 (Windows NT 10.0; Win64; x64) AppleWebKit/537.36 (KHTML, like Gecko) Chrome/70.0.3538.110 Safari/537.36"
98.212.148.182 - - [04/Dec/2018:10:30:54 -0600] "GET /tracking/get_pending_orders/?driverId=4 HTTP/1.1" 200 56 "http://alaweenies.web.illinois.edu/tracking/" "Mozilla/5.0 (Windows NT 10.0; Win64; x64) AppleWebKit/537.36 (KHTML, like Gecko) Chrome/70.0.3538.110 Safari/537.36"
98.212.148.182 - - [04/Dec/2018:10:31:24 -0600] "GET /tracking/get_pending_orders/?driverId=4 HTTP/1.1" 200 56 "http://alaweenies.web.illinois.edu/tracking/" "Mozilla/5.0 (Windows NT 10.0; Win64; x64) AppleWebKit/537.36 (KHTML, like Gecko) Chrome/70.0.3538.110 Safari/537.36"
98.212.148.182 - - [04/Dec/2018:10:31:55 -0600] "GET /tracking/get_pending_orders/?driverId=4 HTTP/1.1" 200 56 "http://alaweenies.web.illinois.edu/tracking/" "Mozilla/5.0 (Windows NT 10.0; Win64; x64) AppleWebKit/537.36 (KHTML, like Gecko) Chrome/70.0.3538.110 Safari/537.36"
98.212.148.182 - - [04/Dec/2018:10:32:24 -0600] "GET /tracking/get_pending_orders/?driverId=4 HTTP/1.1" 200 56 "http://alaweenies.web.illinois.edu/tracking/" "Mozilla/5.0 (Windows NT 10.0; Win64; x64) AppleWebKit/537.36 (KHTML, like Gecko) Chrome/70.0.3538.110 Safari/537.36"
98.212.148.182 - - [04/Dec/2018:10:32:54 -0600] "GET /tracking/get_pending_orders/?driverId=4 HTTP/1.1" 200 56 "http://alaweenies.web.illinois.edu/tracking/" "Mozilla/5.0 (Windows NT 10.0; Win64; x64) AppleWebKit/537.36 (KHTML, like Gecko) Chrome/70.0.3538.110 Safari/537.36"
98.212.148.182 - - [04/Dec/2018:10:33:24 -0600] "GET /tracking/get_pending_orders/?driverId=4 HTTP/1.1" 200 56 "http://alaweenies.web.illinois.edu/tracking/" "Mozilla/5.0 (Windows NT 10.0; Win64; x64) AppleWebKit/537.36 (KHTML, like Gecko) Chrome/70.0.3538.110 Safari/537.36"
98.212.148.182 - - [04/Dec/2018:10:33:54 -0600] "GET /tracking/get_pending_orders/?driverId=4 HTTP/1.1" 200 56 "http://alaweenies.web.illinois.edu/tracking/" "Mozilla/5.0 (Windows NT 10.0; Win64; x64) AppleWebKit/537.36 (KHTML, like Gecko) Chrome/70.0.3538.110 Safari/537.36"
98.212.148.182 - - [04/Dec/2018:10:34:24 -0600] "GET /tracking/get_pending_orders/?driverId=4 HTTP/1.1" 200 56 "http://alaweenies.web.illinois.edu/tracking/" "Mozilla/5.0 (Windows NT 10.0; Win64; x64) AppleWebKit/537.36 (KHTML, like Gecko) Chrome/70.0.3538.110 Safari/537.36"
98.212.148.182 - - [04/Dec/2018:10:34:54 -0600] "GET /tracking/get_pending_orders/?driverId=4 HTTP/1.1" 200 56 "http://alaweenies.web.illinois.edu/tracking/" "Mozilla/5.0 (Windows NT 10.0; Win64; x64) AppleWebKit/537.36 (KHTML, like Gecko) Chrome/70.0.3538.110 Safari/537.36"
98.212.148.182 - - [04/Dec/2018:10:35:24 -0600] "GET /tracking/get_pending_orders/?driverId=4 HTTP/1.1" 200 56 "http://alaweenies.web.illinois.edu/tracking/" "Mozilla/5.0 (Windows NT 10.0; Win64; x64) AppleWebKit/537.36 (KHTML, like Gecko) Chrome/70.0.3538.110 Safari/537.36"
98.212.148.182 - - [04/Dec/2018:10:35:54 -0600] "GET /tracking/get_pending_orders/?driverId=4 HTTP/1.1" 200 56 "http://alaweenies.web.illinois.edu/tracking/" "Mozilla/5.0 (Windows NT 10.0; Win64; x64) AppleWebKit/537.36 (KHTML, like Gecko) Chrome/70.0.3538.110 Safari/537.36"
98.212.148.182 - - [04/Dec/2018:10:36:24 -0600] "GET /tracking/get_pending_orders/?driverId=4 HTTP/1.1" 200 56 "http://alaweenies.web.illinois.edu/tracking/" "Mozilla/5.0 (Windows NT 10.0; Win64; x64) AppleWebKit/537.36 (KHTML, like Gecko) Chrome/70.0.3538.110 Safari/537.36"
98.212.148.182 - - [04/Dec/2018:10:36:54 -0600] "GET /tracking/get_pending_orders/?driverId=4 HTTP/1.1" 200 56 "http://alaweenies.web.illinois.edu/tracking/" "Mozilla/5.0 (Windows NT 10.0; Win64; x64) AppleWebKit/537.36 (KHTML, like Gecko) Chrome/70.0.3538.110 Safari/537.36"
98.212.148.182 - - [04/Dec/2018:10:37:24 -0600] "GET /tracking/get_pending_orders/?driverId=4 HTTP/1.1" 200 56 "http://alaweenies.web.illinois.edu/tracking/" "Mozilla/5.0 (Windows NT 10.0; Win64; x64) AppleWebKit/537.36 (KHTML, like Gecko) Chrome/70.0.3538.110 Safari/537.36"
98.212.148.182 - - [04/Dec/2018:10:37:42 -0600] "GET /index.html HTTP/1.1" 304 - "http://alaweenies.web.illinois.edu/checkout/?orderId=70" "Mozilla/5.0 (Windows NT 10.0; Win64; x64) AppleWebKit/537.36 (KHTML, like Gecko) Chrome/70.0.3538.110 Safari/537.36"
98.212.148.182 - - [04/Dec/2018:10:37:44 -0600] "GET /login/ HTTP/1.1" 200 9723 "http://alaweenies.web.illinois.edu/index.html" "Mozilla/5.0 (Windows NT 10.0; Win64; x64) AppleWebKit/537.36 (KHTML, like Gecko) Chrome/70.0.3538.110 Safari/537.36"
98.212.148.182 - - [04/Dec/2018:10:37:44 -0600] "GET /login/login.css HTTP/1.1" 404 3544 "http://alaweenies.web.illinois.edu/login/" "Mozilla/5.0 (Windows NT 10.0; Win64; x64) AppleWebKit/537.36 (KHTML, like Gecko) Chrome/70.0.3538.110 Safari/537.36"
98.212.148.182 - - [04/Dec/2018:10:37:47 -0600] "GET /login/login_user/?email=jrisla%40ameritech.net&password=1 HTTP/1.1" 200 38 "http://alaweenies.web.illinois.edu/login/" "Mozilla/5.0 (Windows NT 10.0; Win64; x64) AppleWebKit/537.36 (KHTML, like Gecko) Chrome/70.0.3538.110 Safari/537.36"
98.212.148.182 - - [04/Dec/2018:10:37:47 -0600] "GET /order/?customerId=66681 HTTP/1.1" 200 26423 "http://alaweenies.web.illinois.edu/login/" "Mozilla/5.0 (Windows NT 10.0; Win64; x64) AppleWebKit/537.36 (KHTML, like Gecko) Chrome/70.0.3538.110 Safari/537.36"
98.212.148.182 - - [04/Dec/2018:10:37:47 -0600] "GET /order/order.css HTTP/1.1" 404 3938 "http://alaweenies.web.illinois.edu/order/?customerId=66681" "Mozilla/5.0 (Windows NT 10.0; Win64; x64) AppleWebKit/537.36 (KHTML, like Gecko) Chrome/70.0.3538.110 Safari/537.36"
98.212.148.182 - - [04/Dec/2018:10:37:47 -0600] "GET /order/get_most_popular/?restaurantId=0 HTTP/1.1" 200 64 "http://alaweenies.web.illinois.edu/order/?customerId=66681" "Mozilla/5.0 (Windows NT 10.0; Win64; x64) AppleWebKit/537.36 (KHTML, like Gecko) Chrome/70.0.3538.110 Safari/537.36"
98.212.148.182 - - [04/Dec/2018:10:37:47 -0600] "GET /order/get_price_modifier/ HTTP/1.1" 200 25 "http://alaweenies.web.illinois.edu/order/?customerId=66681" "Mozilla/5.0 (Windows NT 10.0; Win64; x64) AppleWebKit/537.36 (KHTML, like Gecko) Chrome/70.0.3538.110 Safari/537.36"
98.212.148.182 - - [04/Dec/2018:10:37:47 -0600] "GET /order/get_user/?customerId=66681 HTTP/1.1" 200 40 "http://alaweenies.web.illinois.edu/order/?customerId=66681" "Mozilla/5.0 (Windows NT 10.0; Win64; x64) AppleWebKit/537.36 (KHTML, like Gecko) Chrome/70.0.3538.110 Safari/537.36"
