98.212.148.182 - - [04/Dec/2018:09:42:56 -0600] "GET /login/login_user/?email=jrisla%40ameritech.net&password=1 HTTP/1.1" 200 38 "http://alaweenies.web.illinois.edu/login/" "Mozilla/5.0 (Windows NT 10.0; Win64; x64) AppleWebKit/537.36 (KHTML, like Gecko) Chrome/70.0.3538.110 Safari/537.36"
98.212.148.182 - - [04/Dec/2018:09:42:56 -0600] "GET /order/?customerId=66681 HTTP/1.1" 200 27010 "http://alaweenies.web.illinois.edu/login/" "Mozilla/5.0 (Windows NT 10.0; Win64; x64) AppleWebKit/537.36 (KHTML, like Gecko) Chrome/70.0.3538.110 Safari/537.36"
98.212.148.182 - - [04/Dec/2018:09:42:56 -0600] "GET /order/order.css HTTP/1.1" 404 3938 "http://alaweenies.web.illinois.edu/order/?customerId=66681" "Mozilla/5.0 (Windows NT 10.0; Win64; x64) AppleWebKit/537.36 (KHTML, like Gecko) Chrome/70.0.3538.110 Safari/537.36"
98.212.148.182 - - [04/Dec/2018:09:42:56 -0600] "GET /order/get_most_popular/?restaurantId=0 HTTP/1.1" 200 64 "http://alaweenies.web.illinois.edu/order/?customerId=66681" "Mozilla/5.0 (Windows NT 10.0; Win64; x64) AppleWebKit/537.36 (KHTML, like Gecko) Chrome/70.0.3538.110 Safari/537.36"
98.212.148.182 - - [04/Dec/2018:09:42:56 -0600] "GET /order/get_price_modifier/ HTTP/1.1" 200 25 "http://alaweenies.web.illinois.edu/order/?customerId=66681" "Mozilla/5.0 (Windows NT 10.0; Win64; x64) AppleWebKit/537.36 (KHTML, like Gecko) Chrome/70.0.3538.110 Safari/537.36"
98.212.148.182 - - [04/Dec/2018:09:42:56 -0600] "GET /order/get_user/?customerId=66681 HTTP/1.1" 200 40 "http://alaweenies.web.illinois.edu/order/?customerId=66681" "Mozilla/5.0 (Windows NT 10.0; Win64; x64) AppleWebKit/537.36 (KHTML, like Gecko) Chrome/70.0.3538.110 Safari/537.36"
98.212.148.182 - - [04/Dec/2018:09:42:59 -0600] "POST /order/post_order/ HTTP/1.1" 200 16 "http://alaweenies.web.illinois.edu/order/?customerId=66681" "Mozilla/5.0 (Windows NT 10.0; Win64; x64) AppleWebKit/537.36 (KHTML, like Gecko) Chrome/70.0.3538.110 Safari/537.36"
98.212.148.182 - - [04/Dec/2018:09:42:59 -0600] "GET /checkout/?orderId=109 HTTP/1.1" 200 10975 "http://alaweenies.web.illinois.edu/order/?customerId=66681" "Mozilla/5.0 (Windows NT 10.0; Win64; x64) AppleWebKit/537.36 (KHTML, like Gecko) Chrome/70.0.3538.110 Safari/537.36"
98.212.148.182 - - [04/Dec/2018:09:42:59 -0600] "GET /checkout/checkout.css HTTP/1.1" 404 3964 "http://alaweenies.web.illinois.edu/checkout/?orderId=109" "Mozilla/5.0 (Windows NT 10.0; Win64; x64) AppleWebKit/537.36 (KHTML, like Gecko) Chrome/70.0.3538.110 Safari/537.36"
98.212.148.182 - - [04/Dec/2018:09:42:59 -0600] "GET /checkout/get_drivers/?locationId=2 HTTP/1.1" 200 43 "http://alaweenies.web.illinois.edu/checkout/?orderId=109" "Mozilla/5.0 (Windows NT 10.0; Win64; x64) AppleWebKit/537.36 (KHTML, like Gecko) Chrome/70.0.3538.110 Safari/537.36"
98.212.148.182 - - [04/Dec/2018:09:43:15 -0600] "GET /tracking/get_pending_orders/?driverId=4 HTTP/1.1" 200 175 "http://alaweenies.web.illinois.edu/tracking/" "Mozilla/5.0 (Windows NT 10.0; Win64; x64) AppleWebKit/537.36 (KHTML, like Gecko) Chrome/70.0.3538.110 Safari/537.36"
98.212.148.182 - - [04/Dec/2018:09:43:24 -0600] "GET /tracking/ HTTP/1.1" 200 5867 "http://alaweenies.web.illinois.edu/checkout/?orderId=109" "Mozilla/5.0 (Windows NT 10.0; Win64; x64) AppleWebKit/537.36 (KHTML, like Gecko) Chrome/70.0.3538.110 Safari/537.36"
98.212.148.182 - - [04/Dec/2018:09:43:24 -0600] "POST /checkout/update_driver/ HTTP/1.1" 200 17 "http://alaweenies.web.illinois.edu/checkout/?orderId=109" "Mozilla/5.0 (Windows NT 10.0; Win64; x64) AppleWebKit/537.36 (KHTML, like Gecko) Chrome/70.0.3538.110 Safari/537.36"
98.212.148.182 - - [04/Dec/2018:09:43:24 -0600] "POST /checkout/update_address/ HTTP/1.1" 200 17 "http://alaweenies.web.illinois.edu/checkout/?orderId=109" "Mozilla/5.0 (Windows NT 10.0; Win64; x64) AppleWebKit/537.36 (KHTML, like Gecko) Chrome/70.0.3538.110 Safari/537.36"
98.212.148.182 - - [04/Dec/2018:09:43:24 -0600] "GET /tracking/checkout.css HTTP/1.1" 404 3398 "http://alaweenies.web.illinois.edu/tracking/" "Mozilla/5.0 (Windows NT 10.0; Win64; x64) AppleWebKit/537.36 (KHTML, like Gecko) Chrome/70.0.3538.110 Safari/537.36"
98.212.148.182 - - [04/Dec/2018:09:43:24 -0600] "GET /tracking/checkout.js HTTP/1.1" 404 3395 "http://alaweenies.web.illinois.edu/tracking/" "Mozilla/5.0 (Windows NT 10.0; Win64; x64) AppleWebKit/537.36 (KHTML, like Gecko) Chrome/70.0.3538.110 Safari/537.36"
98.212.148.182 - - [04/Dec/2018:09:43:24 -0600] "GET /tracking/get_driver/?driverId=4 HTTP/1.1" 200 59 "http://alaweenies.web.illinois.edu/tracking/" "Mozilla/5.0 (Windows NT 10.0; Win64; x64) AppleWebKit/537.36 (KHTML, like Gecko) Chrome/70.0.3538.110 Safari/537.36"
98.212.148.182 - - [04/Dec/2018:09:43:24 -0600] "GET /tracking/get_pending_orders/?driverId=4 HTTP/1.1" 200 195 "http://alaweenies.web.illinois.edu/tracking/" "Mozilla/5.0 (Windows NT 10.0; Win64; x64) AppleWebKit/537.36 (KHTML, like Gecko) Chrome/70.0.3538.110 Safari/537.36"
98.212.148.182 - - [04/Dec/2018:09:43:45 -0600] "GET /tracking/get_pending_orders/?driverId=4 HTTP/1.1" 200 195 "http://alaweenies.web.illinois.edu/tracking/" "Mozilla/5.0 (Windows NT 10.0; Win64; x64) AppleWebKit/537.36 (KHTML, like Gecko) Chrome/70.0.3538.110 Safari/537.36"
98.212.148.182 - - [04/Dec/2018:09:43:55 -0600] "GET /tracking/get_pending_orders/?driverId=4 HTTP/1.1" 200 195 "http://alaweenies.web.illinois.edu/tracking/" "Mozilla/5.0 (Windows NT 10.0; Win64; x64) AppleWebKit/537.36 (KHTML, like Gecko) Chrome/70.0.3538.110 Safari/537.36"
98.212.148.182 - - [04/Dec/2018:09:44:24 -0600] "GET /tracking/get_pending_orders/?driverId=4 HTTP/1.1" 200 195 "http://alaweenies.web.illinois.edu/tracking/" "Mozilla/5.0 (Windows NT 10.0; Win64; x64) AppleWebKit/537.36 (KHTML, like Gecko) Chrome/70.0.3538.110 Safari/537.36"
98.212.148.182 - - [04/Dec/2018:09:44:54 -0600] "GET /tracking/get_pending_orders/?driverId=4 HTTP/1.1" 200 195 "http://alaweenies.web.illinois.edu/tracking/" "Mozilla/5.0 (Windows NT 10.0; Win64; x64) AppleWebKit/537.36 (KHTML, like Gecko) Chrome/70.0.3538.110 Safari/537.36"
98.212.148.182 - - [04/Dec/2018:09:45:24 -0600] "GET /tracking/get_pending_orders/?driverId=4 HTTP/1.1" 200 195 "http://alaweenies.web.illinois.edu/tracking/" "Mozilla/5.0 (Windows NT 10.0; Win64; x64) AppleWebKit/537.36 (KHTML, like Gecko) Chrome/70.0.3538.110 Safari/537.36"
98.228.62.214 - - [04/Dec/2018:09:45:36 -0600] "GET /checkout/?orderId=107 HTTP/1.1" 200 10975 "http://alaweenies.web.illinois.edu/order/?customerId=66680" "Mozilla/5.0 (Macintosh; Intel Mac OS X 10.13; rv:64.0) Gecko/20100101 Firefox/64.0"
98.228.62.214 - - [04/Dec/2018:09:45:36 -0600] "GET /checkout/checkout.css HTTP/1.1" 404 3964 "http://alaweenies.web.illinois.edu/checkout/?orderId=107" "Mozilla/5.0 (Macintosh; Intel Mac OS X 10.13; rv:64.0) Gecko/20100101 Firefox/64.0"
98.228.62.214 - - [04/Dec/2018:09:45:36 -0600] "GET /favicon.ico HTTP/1.1" 404 2745 "-" "Mozilla/5.0 (Macintosh; Intel Mac OS X 10.13; rv:64.0) Gecko/20100101 Firefox/64.0"
98.228.62.214 - - [04/Dec/2018:09:45:36 -0600] "GET /checkout/get_drivers/?locationId=3 HTTP/1.1" 200 42 "http://alaweenies.web.illinois.edu/checkout/?orderId=107" "Mozilla/5.0 (Macintosh; Intel Mac OS X 10.13; rv:64.0) Gecko/20100101 Firefox/64.0"
98.212.148.182 - - [04/Dec/2018:09:45:54 -0600] "GET /tracking/get_pending_orders/?driverId=4 HTTP/1.1" 200 195 "http://alaweenies.web.illinois.edu/tracking/" "Mozilla/5.0 (Windows NT 10.0; Win64; x64) AppleWebKit/537.36 (KHTML, like Gecko) Chrome/70.0.3538.110 Safari/537.36"
98.228.62.214 - - [04/Dec/2018:09:46:22 -0600] "GET /tracking/ HTTP/1.1" 200 5867 "http://alaweenies.web.illinois.edu/checkout/?orderId=107" "Mozilla/5.0 (Macintosh; Intel Mac OS X 10.13; rv:64.0) Gecko/20100101 Firefox/64.0"
98.228.62.214 - - [04/Dec/2018:09:46:22 -0600] "GET /tracking/checkout.js HTTP/1.1" 404 3395 "http://alaweenies.web.illinois.edu/tracking/" "Mozilla/5.0 (Macintosh; Intel Mac OS X 10.13; rv:64.0) Gecko/20100101 Firefox/64.0"
98.228.62.214 - - [04/Dec/2018:09:46:22 -0600] "GET /tracking/checkout.css HTTP/1.1" 404 3398 "http://alaweenies.web.illinois.edu/tracking/" "Mozilla/5.0 (Macintosh; Intel Mac OS X 10.13; rv:64.0) Gecko/20100101 Firefox/64.0"
98.228.62.214 - - [04/Dec/2018:09:46:22 -0600] "GET /tracking/checkout.js HTTP/1.1" 404 3395 "http://alaweenies.web.illinois.edu/tracking/" "Mozilla/5.0 (Macintosh; Intel Mac OS X 10.13; rv:64.0) Gecko/20100101 Firefox/64.0"
98.228.62.214 - - [04/Dec/2018:09:46:22 -0600] "GET /tracking/get_driver/?driverId=6 HTTP/1.1" 200 62 "http://alaweenies.web.illinois.edu/tracking/" "Mozilla/5.0 (Macintosh; Intel Mac OS X 10.13; rv:64.0) Gecko/20100101 Firefox/64.0"
98.228.62.214 - - [04/Dec/2018:09:46:22 -0600] "GET /tracking/get_pending_orders/?driverId=6 HTTP/1.1" 200 17 "http://alaweenies.web.illinois.edu/tracking/" "Mozilla/5.0 (Macintosh; Intel Mac OS X 10.13; rv:64.0) Gecko/20100101 Firefox/64.0"
98.212.148.182 - - [04/Dec/2018:09:46:24 -0600] "GET /tracking/get_pending_orders/?driverId=4 HTTP/1.1" 200 195 "http://alaweenies.web.illinois.edu/tracking/" "Mozilla/5.0 (Windows NT 10.0; Win64; x64) AppleWebKit/537.36 (KHTML, like Gecko) Chrome/70.0.3538.110 Safari/537.36"
98.228.62.214 - - [04/Dec/2018:09:46:52 -0600] "GET /tracking/get_pending_orders/?driverId=6 HTTP/1.1" 200 17 "http://alaweenies.web.illinois.edu/tracking/" "Mozilla/5.0 (Macintosh; Intel Mac OS X 10.13; rv:64.0) Gecko/20100101 Firefox/64.0"
98.212.148.182 - - [04/Dec/2018:09:46:54 -0600] "GET /tracking/get_pending_orders/?driverId=4 HTTP/1.1" 200 195 "http://alaweenies.web.illinois.edu/tracking/" "Mozilla/5.0 (Windows NT 10.0; Win64; x64) AppleWebKit/537.36 (KHTML, like Gecko) Chrome/70.0.3538.110 Safari/537.36"
98.228.62.214 - - [04/Dec/2018:09:47:22 -0600] "GET /tracking/get_pending_orders/?driverId=6 HTTP/1.1" 200 17 "http://alaweenies.web.illinois.edu/tracking/" "Mozilla/5.0 (Macintosh; Intel Mac OS X 10.13; rv:64.0) Gecko/20100101 Firefox/64.0"
98.212.148.182 - - [04/Dec/2018:09:47:24 -0600] "GET /tracking/get_pending_orders/?driverId=4 HTTP/1.1" 200 195 "http://alaweenies.web.illinois.edu/tracking/" "Mozilla/5.0 (Windows NT 10.0; Win64; x64) AppleWebKit/537.36 (KHTML, like Gecko) Chrome/70.0.3538.110 Safari/537.36"
98.228.62.214 - - [04/Dec/2018:09:47:52 -0600] "GET /tracking/get_pending_orders/?driverId=6 HTTP/1.1" 200 17 "http://alaweenies.web.illinois.edu/tracking/" "Mozilla/5.0 (Macintosh; Intel Mac OS X 10.13; rv:64.0) Gecko/20100101 Firefox/64.0"
98.212.148.182 - - [04/Dec/2018:09:47:54 -0600] "GET /tracking/get_pending_orders/?driverId=4 HTTP/1.1" 200 195 "http://alaweenies.web.illinois.edu/tracking/" "Mozilla/5.0 (Windows NT 10.0; Win64; x64) AppleWebKit/537.36 (KHTML, like Gecko) Chrome/70.0.3538.110 Safari/537.36"
98.228.62.214 - - [04/Dec/2018:09:48:22 -0600] "GET /tracking/get_pending_orders/?driverId=6 HTTP/1.1" 200 17 "http://alaweenies.web.illinois.edu/tracking/" "Mozilla/5.0 (Macintosh; Intel Mac OS X 10.13; rv:64.0) Gecko/20100101 Firefox/64.0"
98.212.148.182 - - [04/Dec/2018:09:48:24 -0600] "GET /tracking/get_pending_orders/?driverId=4 HTTP/1.1" 200 195 "http://alaweenies.web.illinois.edu/tracking/" "Mozilla/5.0 (Windows NT 10.0; Win64; x64) AppleWebKit/537.36 (KHTML, like Gecko) Chrome/70.0.3538.110 Safari/537.36"
98.228.62.214 - - [04/Dec/2018:09:48:52 -0600] "GET /tracking/get_pending_orders/?driverId=6 HTTP/1.1" 200 17 "http://alaweenies.web.illinois.edu/tracking/" "Mozilla/5.0 (Macintosh; Intel Mac OS X 10.13; rv:64.0) Gecko/20100101 Firefox/64.0"
98.212.148.182 - - [04/Dec/2018:09:48:54 -0600] "GET /tracking/get_pending_orders/?driverId=4 HTTP/1.1" 200 195 "http://alaweenies.web.illinois.edu/tracking/" "Mozilla/5.0 (Windows NT 10.0; Win64; x64) AppleWebKit/537.36 (KHTML, like Gecko) Chrome/70.0.3538.110 Safari/537.36"
98.228.62.214 - - [04/Dec/2018:09:49:22 -0600] "GET /tracking/get_pending_orders/?driverId=6 HTTP/1.1" 200 17 "http://alaweenies.web.illinois.edu/tracking/" "Mozilla/5.0 (Macintosh; Intel Mac OS X 10.13; rv:64.0) Gecko/20100101 Firefox/64.0"
98.212.148.182 - - [04/Dec/2018:09:49:24 -0600] "GET /tracking/get_pending_orders/?driverId=4 HTTP/1.1" 200 195 "http://alaweenies.web.illinois.edu/tracking/" "Mozilla/5.0 (Windows NT 10.0; Win64; x64) AppleWebKit/537.36 (KHTML, like Gecko) Chrome/70.0.3538.110 Safari/537.36"
98.228.62.214 - - [04/Dec/2018:09:49:52 -0600] "GET /tracking/get_pending_orders/?driverId=6 HTTP/1.1" 200 17 "http://alaweenies.web.illinois.edu/tracking/" "Mozilla/5.0 (Macintosh; Intel Mac OS X 10.13; rv:64.0) Gecko/20100101 Firefox/64.0"
98.212.148.182 - - [04/Dec/2018:09:49:54 -0600] "GET /tracking/get_pending_orders/?driverId=4 HTTP/1.1" 200 195 "http://alaweenies.web.illinois.edu/tracking/" "Mozilla/5.0 (Windows NT 10.0; Win64; x64) AppleWebKit/537.36 (KHTML, like Gecko) Chrome/70.0.3538.110 Safari/537.36"
98.228.62.214 - - [04/Dec/2018:09:50:22 -0600] "GET /tracking/get_pending_orders/?driverId=6 HTTP/1.1" 200 17 "http://alaweenies.web.illinois.edu/tracking/" "Mozilla/5.0 (Macintosh; Intel Mac OS X 10.13; rv:64.0) Gecko/20100101 Firefox/64.0"
98.212.148.182 - - [04/Dec/2018:09:50:24 -0600] "GET /tracking/get_pending_orders/?driverId=4 HTTP/1.1" 200 195 "http://alaweenies.web.illinois.edu/tracking/" "Mozilla/5.0 (Windows NT 10.0; Win64; x64) AppleWebKit/537.36 (KHTML, like Gecko) Chrome/70.0.3538.110 Safari/537.36"
98.228.62.214 - - [04/Dec/2018:09:50:52 -0600] "GET /tracking/get_pending_orders/?driverId=6 HTTP/1.1" 200 17 "http://alaweenies.web.illinois.edu/tracking/" "Mozilla/5.0 (Macintosh; Intel Mac OS X 10.13; rv:64.0) Gecko/20100101 Firefox/64.0"
98.212.148.182 - - [04/Dec/2018:09:50:54 -0600] "GET /tracking/get_pending_orders/?driverId=4 HTTP/1.1" 200 195 "http://alaweenies.web.illinois.edu/tracking/" "Mozilla/5.0 (Windows NT 10.0; Win64; x64) AppleWebKit/537.36 (KHTML, like Gecko) Chrome/70.0.3538.110 Safari/537.36"
98.228.62.214 - - [04/Dec/2018:09:51:22 -0600] "GET /tracking/get_pending_orders/?driverId=6 HTTP/1.1" 200 17 "http://alaweenies.web.illinois.edu/tracking/" "Mozilla/5.0 (Macintosh; Intel Mac OS X 10.13; rv:64.0) Gecko/20100101 Firefox/64.0"
98.212.148.182 - - [04/Dec/2018:09:51:24 -0600] "GET /tracking/get_pending_orders/?driverId=4 HTTP/1.1" 200 195 "http://alaweenies.web.illinois.edu/tracking/" "Mozilla/5.0 (Windows NT 10.0; Win64; x64) AppleWebKit/537.36 (KHTML, like Gecko) Chrome/70.0.3538.110 Safari/537.36"
98.228.62.214 - - [04/Dec/2018:09:51:52 -0600] "GET /tracking/get_pending_orders/?driverId=6 HTTP/1.1" 200 17 "http://alaweenies.web.illinois.edu/tracking/" "Mozilla/5.0 (Macintosh; Intel Mac OS X 10.13; rv:64.0) Gecko/20100101 Firefox/64.0"
98.212.148.182 - - [04/Dec/2018:09:51:54 -0600] "GET /tracking/get_pending_orders/?driverId=4 HTTP/1.1" 200 195 "http://alaweenies.web.illinois.edu/tracking/" "Mozilla/5.0 (Windows NT 10.0; Win64; x64) AppleWebKit/537.36 (KHTML, like Gecko) Chrome/70.0.3538.110 Safari/537.36"
98.228.62.214 - - [04/Dec/2018:09:52:22 -0600] "GET /tracking/get_pending_orders/?driverId=6 HTTP/1.1" 200 17 "http://alaweenies.web.illinois.edu/tracking/" "Mozilla/5.0 (Macintosh; Intel Mac OS X 10.13; rv:64.0) Gecko/20100101 Firefox/64.0"
98.212.148.182 - - [04/Dec/2018:09:52:24 -0600] "GET /tracking/get_pending_orders/?driverId=4 HTTP/1.1" 200 195 "http://alaweenies.web.illinois.edu/tracking/" "Mozilla/5.0 (Windows NT 10.0; Win64; x64) AppleWebKit/537.36 (KHTML, like Gecko) Chrome/70.0.3538.110 Safari/537.36"
98.228.62.214 - - [04/Dec/2018:09:52:52 -0600] "GET /tracking/get_pending_orders/?driverId=6 HTTP/1.1" 200 17 "http://alaweenies.web.illinois.edu/tracking/" "Mozilla/5.0 (Macintosh; Intel Mac OS X 10.13; rv:64.0) Gecko/20100101 Firefox/64.0"
98.212.148.182 - - [04/Dec/2018:09:52:54 -0600] "GET /tracking/get_pending_orders/?driverId=4 HTTP/1.1" 200 195 "http://alaweenies.web.illinois.edu/tracking/" "Mozilla/5.0 (Windows NT 10.0; Win64; x64) AppleWebKit/537.36 (KHTML, like Gecko) Chrome/70.0.3538.110 Safari/537.36"
98.228.62.214 - - [04/Dec/2018:09:53:22 -0600] "GET /tracking/get_pending_orders/?driverId=6 HTTP/1.1" 200 17 "http://alaweenies.web.illinois.edu/tracking/" "Mozilla/5.0 (Macintosh; Intel Mac OS X 10.13; rv:64.0) Gecko/20100101 Firefox/64.0"
98.212.148.182 - - [04/Dec/2018:09:53:24 -0600] "GET /tracking/get_pending_orders/?driverId=4 HTTP/1.1" 200 195 "http://alaweenies.web.illinois.edu/tracking/" "Mozilla/5.0 (Windows NT 10.0; Win64; x64) AppleWebKit/537.36 (KHTML, like Gecko) Chrome/70.0.3538.110 Safari/537.36"
98.228.62.214 - - [04/Dec/2018:09:53:50 -0600] "GET /tracking/ HTTP/1.1" 200 5830 "http://alaweenies.web.illinois.edu/checkout/?orderId=107" "Mozilla/5.0 (Macintosh; Intel Mac OS X 10.13; rv:64.0) Gecko/20100101 Firefox/64.0"
98.228.62.214 - - [04/Dec/2018:09:53:50 -0600] "GET /tracking/checkout.js HTTP/1.1" 404 3395 "http://alaweenies.web.illinois.edu/tracking/" "Mozilla/5.0 (Macintosh; Intel Mac OS X 10.13; rv:64.0) Gecko/20100101 Firefox/64.0"
98.228.62.214 - - [04/Dec/2018:09:53:50 -0600] "GET /tracking/checkout.css HTTP/1.1" 404 3398 "http://alaweenies.web.illinois.edu/tracking/" "Mozilla/5.0 (Macintosh; Intel Mac OS X 10.13; rv:64.0) Gecko/20100101 Firefox/64.0"
98.228.62.214 - - [04/Dec/2018:09:53:50 -0600] "GET /tracking/checkout.js HTTP/1.1" 404 3395 "http://alaweenies.web.illinois.edu/tracking/" "Mozilla/5.0 (Macintosh; Intel Mac OS X 10.13; rv:64.0) Gecko/20100101 Firefox/64.0"
98.228.62.214 - - [04/Dec/2018:09:53:50 -0600] "GET /favicon.ico HTTP/1.1" 404 2745 "-" "Mozilla/5.0 (Macintosh; Intel Mac OS X 10.13; rv:64.0) Gecko/20100101 Firefox/64.0"
98.228.62.214 - - [04/Dec/2018:09:53:50 -0600] "GET /tracking/get_driver/?driverId=6 HTTP/1.1" 200 62 "http://alaweenies.web.illinois.edu/tracking/" "Mozilla/5.0 (Macintosh; Intel Mac OS X 10.13; rv:64.0) Gecko/20100101 Firefox/64.0"
98.228.62.214 - - [04/Dec/2018:09:53:51 -0600] "GET /tracking/get_pending_orders/?driverId=6 HTTP/1.1" 200 17 "http://alaweenies.web.illinois.edu/tracking/" "Mozilla/5.0 (Macintosh; Intel Mac OS X 10.13; rv:64.0) Gecko/20100101 Firefox/64.0"
98.228.62.214 - - [04/Dec/2018:09:53:51 -0600] "GET /tracking/ HTTP/1.1" 200 5830 "http://alaweenies.web.illinois.edu/checkout/?orderId=107" "Mozilla/5.0 (Macintosh; Intel Mac OS X 10.13; rv:64.0) Gecko/20100101 Firefox/64.0"
98.228.62.214 - - [04/Dec/2018:09:53:51 -0600] "GET /tracking/checkout.js HTTP/1.1" 404 3395 "http://alaweenies.web.illinois.edu/tracking/" "Mozilla/5.0 (Macintosh; Intel Mac OS X 10.13; rv:64.0) Gecko/20100101 Firefox/64.0"
98.228.62.214 - - [04/Dec/2018:09:53:51 -0600] "GET /tracking/checkout.css HTTP/1.1" 404 3398 "http://alaweenies.web.illinois.edu/tracking/" "Mozilla/5.0 (Macintosh; Intel Mac OS X 10.13; rv:64.0) Gecko/20100101 Firefox/64.0"
98.228.62.214 - - [04/Dec/2018:09:53:51 -0600] "GET /tracking/checkout.js HTTP/1.1" 404 3395 "http://alaweenies.web.illinois.edu/tracking/" "Mozilla/5.0 (Macintosh; Intel Mac OS X 10.13; rv:64.0) Gecko/20100101 Firefox/64.0"
98.228.62.214 - - [04/Dec/2018:09:53:51 -0600] "GET /tracking/get_driver/?driverId=6 HTTP/1.1" 200 62 "http://alaweenies.web.illinois.edu/tracking/" "Mozilla/5.0 (Macintosh; Intel Mac OS X 10.13; rv:64.0) Gecko/20100101 Firefox/64.0"
98.228.62.214 - - [04/Dec/2018:09:53:51 -0600] "GET /tracking/get_pending_orders/?driverId=6 HTTP/1.1" 200 17 "http://alaweenies.web.illinois.edu/tracking/" "Mozilla/5.0 (Macintosh; Intel Mac OS X 10.13; rv:64.0) Gecko/20100101 Firefox/64.0"
98.228.62.214 - - [04/Dec/2018:09:53:52 -0600] "GET /tracking/ HTTP/1.1" 200 5830 "http://alaweenies.web.illinois.edu/checkout/?orderId=107" "Mozilla/5.0 (Macintosh; Intel Mac OS X 10.13; rv:64.0) Gecko/20100101 Firefox/64.0"
98.228.62.214 - - [04/Dec/2018:09:53:52 -0600] "GET /tracking/checkout.css HTTP/1.1" 404 3398 "http://alaweenies.web.illinois.edu/tracking/" "Mozilla/5.0 (Macintosh; Intel Mac OS X 10.13; rv:64.0) Gecko/20100101 Firefox/64.0"
98.228.62.214 - - [04/Dec/2018:09:53:52 -0600] "GET /tracking/checkout.js HTTP/1.1" 404 3395 "http://alaweenies.web.illinois.edu/tracking/" "Mozilla/5.0 (Macintosh; Intel Mac OS X 10.13; rv:64.0) Gecko/20100101 Firefox/64.0"
98.228.62.214 - - [04/Dec/2018:09:53:52 -0600] "GET /tracking/get_driver/?driverId=6 HTTP/1.1" 200 62 "http://alaweenies.web.illinois.edu/tracking/" "Mozilla/5.0 (Macintosh; Intel Mac OS X 10.13; rv:64.0) Gecko/20100101 Firefox/64.0"
98.228.62.214 - - [04/Dec/2018:09:53:52 -0600] "GET /tracking/get_pending_orders/?driverId=6 HTTP/1.1" 200 17 "http://alaweenies.web.illinois.edu/tracking/" "Mozilla/5.0 (Macintosh; Intel Mac OS X 10.13; rv:64.0) Gecko/20100101 Firefox/64.0"
98.228.62.214 - - [04/Dec/2018:09:53:52 -0600] "GET /tracking/ HTTP/1.1" 200 5830 "http://alaweenies.web.illinois.edu/checkout/?orderId=107" "Mozilla/5.0 (Macintosh; Intel Mac OS X 10.13; rv:64.0) Gecko/20100101 Firefox/64.0"
98.228.62.214 - - [04/Dec/2018:09:53:53 -0600] "GET /tracking/checkout.css HTTP/1.1" 404 3398 "http://alaweenies.web.illinois.edu/tracking/" "Mozilla/5.0 (Macintosh; Intel Mac OS X 10.13; rv:64.0) Gecko/20100101 Firefox/64.0"
98.228.62.214 - - [04/Dec/2018:09:53:53 -0600] "GET /tracking/checkout.js HTTP/1.1" 404 3395 "http://alaweenies.web.illinois.edu/tracking/" "Mozilla/5.0 (Macintosh; Intel Mac OS X 10.13; rv:64.0) Gecko/20100101 Firefox/64.0"
98.228.62.214 - - [04/Dec/2018:09:53:53 -0600] "GET /tracking/get_driver/?driverId=6 HTTP/1.1" 200 62 "http://alaweenies.web.illinois.edu/tracking/" "Mozilla/5.0 (Macintosh; Intel Mac OS X 10.13; rv:64.0) Gecko/20100101 Firefox/64.0"
98.228.62.214 - - [04/Dec/2018:09:53:53 -0600] "GET /tracking/get_pending_orders/?driverId=6 HTTP/1.1" 200 17 "http://alaweenies.web.illinois.edu/tracking/" "Mozilla/5.0 (Macintosh; Intel Mac OS X 10.13; rv:64.0) Gecko/20100101 Firefox/64.0"
98.228.62.214 - - [04/Dec/2018:09:53:53 -0600] "GET /tracking/ HTTP/1.1" 200 5830 "http://alaweenies.web.illinois.edu/checkout/?orderId=107" "Mozilla/5.0 (Macintosh; Intel Mac OS X 10.13; rv:64.0) Gecko/20100101 Firefox/64.0"
98.228.62.214 - - [04/Dec/2018:09:53:53 -0600] "GET /tracking/checkout.css HTTP/1.1" 404 3398 "http://alaweenies.web.illinois.edu/tracking/" "Mozilla/5.0 (Macintosh; Intel Mac OS X 10.13; rv:64.0) Gecko/20100101 Firefox/64.0"
98.228.62.214 - - [04/Dec/2018:09:53:53 -0600] "GET /tracking/checkout.js HTTP/1.1" 404 3395 "http://alaweenies.web.illinois.edu/tracking/" "Mozilla/5.0 (Macintosh; Intel Mac OS X 10.13; rv:64.0) Gecko/20100101 Firefox/64.0"
98.228.62.214 - - [04/Dec/2018:09:53:53 -0600] "GET /tracking/get_driver/?driverId=6 HTTP/1.1" 200 62 "http://alaweenies.web.illinois.edu/tracking/" "Mozilla/5.0 (Macintosh; Intel Mac OS X 10.13; rv:64.0) Gecko/20100101 Firefox/64.0"
98.228.62.214 - - [04/Dec/2018:09:53:53 -0600] "GET /tracking/get_pending_orders/?driverId=6 HTTP/1.1" 200 17 "http://alaweenies.web.illinois.edu/tracking/" "Mozilla/5.0 (Macintosh; Intel Mac OS X 10.13; rv:64.0) Gecko/20100101 Firefox/64.0"
98.228.62.214 - - [04/Dec/2018:09:53:53 -0600] "GET /tracking/ HTTP/1.1" 200 5830 "http://alaweenies.web.illinois.edu/checkout/?orderId=107" "Mozilla/5.0 (Macintosh; Intel Mac OS X 10.13; rv:64.0) Gecko/20100101 Firefox/64.0"
98.228.62.214 - - [04/Dec/2018:09:53:54 -0600] "GET /tracking/checkout.css HTTP/1.1" 404 3398 "http://alaweenies.web.illinois.edu/tracking/" "Mozilla/5.0 (Macintosh; Intel Mac OS X 10.13; rv:64.0) Gecko/20100101 Firefox/64.0"
98.228.62.214 - - [04/Dec/2018:09:53:54 -0600] "GET /tracking/checkout.js HTTP/1.1" 404 3395 "http://alaweenies.web.illinois.edu/tracking/" "Mozilla/5.0 (Macintosh; Intel Mac OS X 10.13; rv:64.0) Gecko/20100101 Firefox/64.0"
98.228.62.214 - - [04/Dec/2018:09:53:54 -0600] "GET /tracking/get_driver/?driverId=6 HTTP/1.1" 200 62 "http://alaweenies.web.illinois.edu/tracking/" "Mozilla/5.0 (Macintosh; Intel Mac OS X 10.13; rv:64.0) Gecko/20100101 Firefox/64.0"
98.228.62.214 - - [04/Dec/2018:09:53:54 -0600] "GET /tracking/get_pending_orders/?driverId=6 HTTP/1.1" 200 17 "http://alaweenies.web.illinois.edu/tracking/" "Mozilla/5.0 (Macintosh; Intel Mac OS X 10.13; rv:64.0) Gecko/20100101 Firefox/64.0"
98.228.62.214 - - [04/Dec/2018:09:53:54 -0600] "GET /tracking/ HTTP/1.1" 200 5830 "http://alaweenies.web.illinois.edu/checkout/?orderId=107" "Mozilla/5.0 (Macintosh; Intel Mac OS X 10.13; rv:64.0) Gecko/20100101 Firefox/64.0"
98.228.62.214 - - [04/Dec/2018:09:53:54 -0600] "GET /tracking/checkout.css HTTP/1.1" 404 3398 "http://alaweenies.web.illinois.edu/tracking/" "Mozilla/5.0 (Macintosh; Intel Mac OS X 10.13; rv:64.0) Gecko/20100101 Firefox/64.0"
98.228.62.214 - - [04/Dec/2018:09:53:54 -0600] "GET /tracking/checkout.js HTTP/1.1" 404 3395 "http://alaweenies.web.illinois.edu/tracking/" "Mozilla/5.0 (Macintosh; Intel Mac OS X 10.13; rv:64.0) Gecko/20100101 Firefox/64.0"
98.228.62.214 - - [04/Dec/2018:09:53:54 -0600] "GET /tracking/get_driver/?driverId=6 HTTP/1.1" 200 62 "http://alaweenies.web.illinois.edu/tracking/" "Mozilla/5.0 (Macintosh; Intel Mac OS X 10.13; rv:64.0) Gecko/20100101 Firefox/64.0"
98.228.62.214 - - [04/Dec/2018:09:53:54 -0600] "GET /tracking/get_pending_orders/?driverId=6 HTTP/1.1" 200 17 "http://alaweenies.web.illinois.edu/tracking/" "Mozilla/5.0 (Macintosh; Intel Mac OS X 10.13; rv:64.0) Gecko/20100101 Firefox/64.0"
98.212.148.182 - - [04/Dec/2018:09:53:54 -0600] "GET /tracking/get_pending_orders/?driverId=4 HTTP/1.1" 200 195 "http://alaweenies.web.illinois.edu/tracking/" "Mozilla/5.0 (Windows NT 10.0; Win64; x64) AppleWebKit/537.36 (KHTML, like Gecko) Chrome/70.0.3538.110 Safari/537.36"
98.228.62.214 - - [04/Dec/2018:09:53:55 -0600] "GET /tracking/ HTTP/1.1" 200 5830 "http://alaweenies.web.illinois.edu/checkout/?orderId=107" "Mozilla/5.0 (Macintosh; Intel Mac OS X 10.13; rv:64.0) Gecko/20100101 Firefox/64.0"
98.228.62.214 - - [04/Dec/2018:09:53:55 -0600] "GET /tracking/checkout.js HTTP/1.1" 404 3395 "http://alaweenies.web.illinois.edu/tracking/" "Mozilla/5.0 (Macintosh; Intel Mac OS X 10.13; rv:64.0) Gecko/20100101 Firefox/64.0"
98.228.62.214 - - [04/Dec/2018:09:53:55 -0600] "GET /tracking/checkout.css HTTP/1.1" 404 3398 "http://alaweenies.web.illinois.edu/tracking/" "Mozilla/5.0 (Macintosh; Intel Mac OS X 10.13; rv:64.0) Gecko/20100101 Firefox/64.0"
98.228.62.214 - - [04/Dec/2018:09:53:55 -0600] "GET /tracking/checkout.js HTTP/1.1" 404 3395 "http://alaweenies.web.illinois.edu/tracking/" "Mozilla/5.0 (Macintosh; Intel Mac OS X 10.13; rv:64.0) Gecko/20100101 Firefox/64.0"
98.228.62.214 - - [04/Dec/2018:09:53:55 -0600] "GET /tracking/get_driver/?driverId=6 HTTP/1.1" 200 62 "http://alaweenies.web.illinois.edu/tracking/" "Mozilla/5.0 (Macintosh; Intel Mac OS X 10.13; rv:64.0) Gecko/20100101 Firefox/64.0"
98.228.62.214 - - [04/Dec/2018:09:53:55 -0600] "GET /tracking/get_pending_orders/?driverId=6 HTTP/1.1" 200 17 "http://alaweenies.web.illinois.edu/tracking/" "Mozilla/5.0 (Macintosh; Intel Mac OS X 10.13; rv:64.0) Gecko/20100101 Firefox/64.0"
98.228.62.214 - - [04/Dec/2018:09:53:55 -0600] "GET /tracking/ HTTP/1.1" 200 5830 "http://alaweenies.web.illinois.edu/checkout/?orderId=107" "Mozilla/5.0 (Macintosh; Intel Mac OS X 10.13; rv:64.0) Gecko/20100101 Firefox/64.0"
98.228.62.214 - - [04/Dec/2018:09:53:55 -0600] "GET /tracking/checkout.js HTTP/1.1" 404 3395 "http://alaweenies.web.illinois.edu/tracking/" "Mozilla/5.0 (Macintosh; Intel Mac OS X 10.13; rv:64.0) Gecko/20100101 Firefox/64.0"
98.228.62.214 - - [04/Dec/2018:09:53:55 -0600] "GET /tracking/checkout.css HTTP/1.1" 404 3398 "http://alaweenies.web.illinois.edu/tracking/" "Mozilla/5.0 (Macintosh; Intel Mac OS X 10.13; rv:64.0) Gecko/20100101 Firefox/64.0"
98.228.62.214 - - [04/Dec/2018:09:53:55 -0600] "GET /tracking/checkout.js HTTP/1.1" 404 3395 "http://alaweenies.web.illinois.edu/tracking/" "Mozilla/5.0 (Macintosh; Intel Mac OS X 10.13; rv:64.0) Gecko/20100101 Firefox/64.0"
98.228.62.214 - - [04/Dec/2018:09:53:55 -0600] "GET /tracking/get_pending_orders/?driverId=6 HTTP/1.1" 200 17 "http://alaweenies.web.illinois.edu/tracking/" "Mozilla/5.0 (Macintosh; Intel Mac OS X 10.13; rv:64.0) Gecko/20100101 Firefox/64.0"
98.228.62.214 - - [04/Dec/2018:09:53:55 -0600] "GET /tracking/get_driver/?driverId=6 HTTP/1.1" 200 62 "http://alaweenies.web.illinois.edu/tracking/" "Mozilla/5.0 (Macintosh; Intel Mac OS X 10.13; rv:64.0) Gecko/20100101 Firefox/64.0"
98.212.148.182 - - [04/Dec/2018:09:54:24 -0600] "GET /tracking/get_pending_orders/?driverId=4 HTTP/1.1" 200 195 "http://alaweenies.web.illinois.edu/tracking/" "Mozilla/5.0 (Windows NT 10.0; Win64; x64) AppleWebKit/537.36 (KHTML, like Gecko) Chrome/70.0.3538.110 Safari/537.36"
98.228.62.214 - - [04/Dec/2018:09:54:26 -0600] "GET /tracking/get_pending_orders/?driverId=6 HTTP/1.1" 200 17 "http://alaweenies.web.illinois.edu/tracking/" "Mozilla/5.0 (Macintosh; Intel Mac OS X 10.13; rv:64.0) Gecko/20100101 Firefox/64.0"
98.212.148.182 - - [04/Dec/2018:09:54:54 -0600] "GET /tracking/get_pending_orders/?driverId=4 HTTP/1.1" 200 195 "http://alaweenies.web.illinois.edu/tracking/" "Mozilla/5.0 (Windows NT 10.0; Win64; x64) AppleWebKit/537.36 (KHTML, like Gecko) Chrome/70.0.3538.110 Safari/537.36"
98.228.62.214 - - [04/Dec/2018:09:54:56 -0600] "GET /tracking/get_pending_orders/?driverId=6 HTTP/1.1" 200 17 "http://alaweenies.web.illinois.edu/tracking/" "Mozilla/5.0 (Macintosh; Intel Mac OS X 10.13; rv:64.0) Gecko/20100101 Firefox/64.0"
98.212.148.182 - - [04/Dec/2018:09:55:24 -0600] "GET /tracking/get_pending_orders/?driverId=4 HTTP/1.1" 200 195 "http://alaweenies.web.illinois.edu/tracking/" "Mozilla/5.0 (Windows NT 10.0; Win64; x64) AppleWebKit/537.36 (KHTML, like Gecko) Chrome/70.0.3538.110 Safari/537.36"
98.228.62.214 - - [04/Dec/2018:09:55:26 -0600] "GET /tracking/get_pending_orders/?driverId=6 HTTP/1.1" 200 17 "http://alaweenies.web.illinois.edu/tracking/" "Mozilla/5.0 (Macintosh; Intel Mac OS X 10.13; rv:64.0) Gecko/20100101 Firefox/64.0"
98.212.148.182 - - [04/Dec/2018:09:55:54 -0600] "GET /tracking/get_pending_orders/?driverId=4 HTTP/1.1" 200 195 "http://alaweenies.web.illinois.edu/tracking/" "Mozilla/5.0 (Windows NT 10.0; Win64; x64) AppleWebKit/537.36 (KHTML, like Gecko) Chrome/70.0.3538.110 Safari/537.36"
98.228.62.214 - - [04/Dec/2018:09:55:56 -0600] "GET /tracking/get_pending_orders/?driverId=6 HTTP/1.1" 200 17 "http://alaweenies.web.illinois.edu/tracking/" "Mozilla/5.0 (Macintosh; Intel Mac OS X 10.13; rv:64.0) Gecko/20100101 Firefox/64.0"
98.212.148.182 - - [04/Dec/2018:09:56:24 -0600] "GET /tracking/get_pending_orders/?driverId=4 HTTP/1.1" 200 195 "http://alaweenies.web.illinois.edu/tracking/" "Mozilla/5.0 (Windows NT 10.0; Win64; x64) AppleWebKit/537.36 (KHTML, like Gecko) Chrome/70.0.3538.110 Safari/537.36"
98.228.62.214 - - [04/Dec/2018:09:56:26 -0600] "GET /tracking/get_pending_orders/?driverId=6 HTTP/1.1" 200 17 "http://alaweenies.web.illinois.edu/tracking/" "Mozilla/5.0 (Macintosh; Intel Mac OS X 10.13; rv:64.0) Gecko/20100101 Firefox/64.0"
98.212.148.182 - - [04/Dec/2018:09:56:54 -0600] "GET /tracking/get_pending_orders/?driverId=4 HTTP/1.1" 200 195 "http://alaweenies.web.illinois.edu/tracking/" "Mozilla/5.0 (Windows NT 10.0; Win64; x64) AppleWebKit/537.36 (KHTML, like Gecko) Chrome/70.0.3538.110 Safari/537.36"
98.228.62.214 - - [04/Dec/2018:09:56:56 -0600] "GET /tracking/get_pending_orders/?driverId=6 HTTP/1.1" 200 17 "http://alaweenies.web.illinois.edu/tracking/" "Mozilla/5.0 (Macintosh; Intel Mac OS X 10.13; rv:64.0) Gecko/20100101 Firefox/64.0"
98.228.62.214 - - [04/Dec/2018:09:57:26 -0600] "GET /tracking/get_pending_orders/?driverId=6 HTTP/1.1" 200 17 "http://alaweenies.web.illinois.edu/tracking/" "Mozilla/5.0 (Macintosh; Intel Mac OS X 10.13; rv:64.0) Gecko/20100101 Firefox/64.0"
98.212.148.182 - - [04/Dec/2018:09:57:54 -0600] "GET /tracking/get_pending_orders/?driverId=4 HTTP/1.1" 200 195 "http://alaweenies.web.illinois.edu/tracking/" "Mozilla/5.0 (Windows NT 10.0; Win64; x64) AppleWebKit/537.36 (KHTML, like Gecko) Chrome/70.0.3538.110 Safari/537.36"
98.228.62.214 - - [04/Dec/2018:09:57:56 -0600] "GET /tracking/get_pending_orders/?driverId=6 HTTP/1.1" 200 17 "http://alaweenies.web.illinois.edu/tracking/" "Mozilla/5.0 (Macintosh; Intel Mac OS X 10.13; rv:64.0) Gecko/20100101 Firefox/64.0"
98.212.148.182 - - [04/Dec/2018:09:58:24 -0600] "GET /tracking/get_pending_orders/?driverId=4 HTTP/1.1" 200 195 "http://alaweenies.web.illinois.edu/tracking/" "Mozilla/5.0 (Windows NT 10.0; Win64; x64) AppleWebKit/537.36 (KHTML, like Gecko) Chrome/70.0.3538.110 Safari/537.36"
98.228.62.214 - - [04/Dec/2018:09:58:26 -0600] "GET /tracking/get_pending_orders/?driverId=6 HTTP/1.1" 200 17 "http://alaweenies.web.illinois.edu/tracking/" "Mozilla/5.0 (Macintosh; Intel Mac OS X 10.13; rv:64.0) Gecko/20100101 Firefox/64.0"
98.212.148.182 - - [04/Dec/2018:09:58:54 -0600] "GET /tracking/get_pending_orders/?driverId=4 HTTP/1.1" 200 195 "http://alaweenies.web.illinois.edu/tracking/" "Mozilla/5.0 (Windows NT 10.0; Win64; x64) AppleWebKit/537.36 (KHTML, like Gecko) Chrome/70.0.3538.110 Safari/537.36"
98.228.62.214 - - [04/Dec/2018:09:58:56 -0600] "GET /tracking/get_pending_orders/?driverId=6 HTTP/1.1" 200 17 "http://alaweenies.web.illinois.edu/tracking/" "Mozilla/5.0 (Macintosh; Intel Mac OS X 10.13; rv:64.0) Gecko/20100101 Firefox/64.0"
98.212.148.182 - - [04/Dec/2018:09:59:24 -0600] "GET /tracking/get_pending_orders/?driverId=4 HTTP/1.1" 200 195 "http://alaweenies.web.illinois.edu/tracking/" "Mozilla/5.0 (Windows NT 10.0; Win64; x64) AppleWebKit/537.36 (KHTML, like Gecko) Chrome/70.0.3538.110 Safari/537.36"
98.228.62.214 - - [04/Dec/2018:09:59:26 -0600] "GET /tracking/get_pending_orders/?driverId=6 HTTP/1.1" 200 17 "http://alaweenies.web.illinois.edu/tracking/" "Mozilla/5.0 (Macintosh; Intel Mac OS X 10.13; rv:64.0) Gecko/20100101 Firefox/64.0"
98.212.148.182 - - [04/Dec/2018:09:59:54 -0600] "GET /tracking/get_pending_orders/?driverId=4 HTTP/1.1" 200 195 "http://alaweenies.web.illinois.edu/tracking/" "Mozilla/5.0 (Windows NT 10.0; Win64; x64) AppleWebKit/537.36 (KHTML, like Gecko) Chrome/70.0.3538.110 Safari/537.36"
98.228.62.214 - - [04/Dec/2018:09:59:56 -0600] "GET /tracking/get_pending_orders/?driverId=6 HTTP/1.1" 200 17 "http://alaweenies.web.illinois.edu/tracking/" "Mozilla/5.0 (Macintosh; Intel Mac OS X 10.13; rv:64.0) Gecko/20100101 Firefox/64.0"
98.212.148.182 - - [04/Dec/2018:10:00:24 -0600] "GET /tracking/get_pending_orders/?driverId=4 HTTP/1.1" 200 35 "http://alaweenies.web.illinois.edu/tracking/" "Mozilla/5.0 (Windows NT 10.0; Win64; x64) AppleWebKit/537.36 (KHTML, like Gecko) Chrome/70.0.3538.110 Safari/537.36"
98.228.62.214 - - [04/Dec/2018:10:00:26 -0600] "GET /tracking/get_pending_orders/?driverId=6 HTTP/1.1" 200 17 "http://alaweenies.web.illinois.edu/tracking/" "Mozilla/5.0 (Macintosh; Intel Mac OS X 10.13; rv:64.0) Gecko/20100101 Firefox/64.0"
98.212.148.182 - - [04/Dec/2018:10:00:54 -0600] "GET /tracking/get_pending_orders/?driverId=4 HTTP/1.1" 200 35 "http://alaweenies.web.illinois.edu/tracking/" "Mozilla/5.0 (Windows NT 10.0; Win64; x64) AppleWebKit/537.36 (KHTML, like Gecko) Chrome/70.0.3538.110 Safari/537.36"
98.228.62.214 - - [04/Dec/2018:10:00:56 -0600] "GET /tracking/get_pending_orders/?driverId=6 HTTP/1.1" 200 17 "http://alaweenies.web.illinois.edu/tracking/" "Mozilla/5.0 (Macintosh; Intel Mac OS X 10.13; rv:64.0) Gecko/20100101 Firefox/64.0"
98.212.148.182 - - [04/Dec/2018:10:01:24 -0600] "GET /tracking/get_pending_orders/?driverId=4 HTTP/1.1" 200 35 "http://alaweenies.web.illinois.edu/tracking/" "Mozilla/5.0 (Windows NT 10.0; Win64; x64) AppleWebKit/537.36 (KHTML, like Gecko) Chrome/70.0.3538.110 Safari/537.36"
98.228.62.214 - - [04/Dec/2018:10:01:26 -0600] "GET /tracking/get_pending_orders/?driverId=6 HTTP/1.1" 200 17 "http://alaweenies.web.illinois.edu/tracking/" "Mozilla/5.0 (Macintosh; Intel Mac OS X 10.13; rv:64.0) Gecko/20100101 Firefox/64.0"
98.212.148.182 - - [04/Dec/2018:10:01:54 -0600] "GET /tracking/get_pending_orders/?driverId=4 HTTP/1.1" 200 35 "http://alaweenies.web.illinois.edu/tracking/" "Mozilla/5.0 (Windows NT 10.0; Win64; x64) AppleWebKit/537.36 (KHTML, like Gecko) Chrome/70.0.3538.110 Safari/537.36"
98.228.62.214 - - [04/Dec/2018:10:01:56 -0600] "GET /tracking/get_pending_orders/?driverId=6 HTTP/1.1" 200 17 "http://alaweenies.web.illinois.edu/tracking/" "Mozilla/5.0 (Macintosh; Intel Mac OS X 10.13; rv:64.0) Gecko/20100101 Firefox/64.0"
149.154.167.167 - - [04/Dec/2018:10:01:56 -0600] "GET /login/check_email HTTP/1.1" 301 - "-" "TelegramBot (like TwitterBot)"
149.154.167.167 - - [04/Dec/2018:10:01:57 -0600] "GET /login/check_email/ HTTP/1.1" 200 24 "-" "TelegramBot (like TwitterBot)"
98.212.148.182 - - [04/Dec/2018:10:02:24 -0600] "GET /tracking/get_pending_orders/?driverId=4 HTTP/1.1" 200 35 "http://alaweenies.web.illinois.edu/tracking/" "Mozilla/5.0 (Windows NT 10.0; Win64; x64) AppleWebKit/537.36 (KHTML, like Gecko) Chrome/70.0.3538.110 Safari/537.36"
98.228.62.214 - - [04/Dec/2018:10:02:26 -0600] "GET /tracking/get_pending_orders/?driverId=6 HTTP/1.1" 200 17 "http://alaweenies.web.illinois.edu/tracking/" "Mozilla/5.0 (Macintosh; Intel Mac OS X 10.13; rv:64.0) Gecko/20100101 Firefox/64.0"
54.87.132.192 - - [04/Dec/2018:10:02:27 -0600] "GET /login/check_email HTTP/1.1" 301 - "-" "Slackbot-LinkExpanding 1.0 (+https://api.slack.com/robots)"
54.87.132.192 - - [04/Dec/2018:10:02:28 -0600] "GET /login/check_email/ HTTP/1.1" 200 24 "-" "Slackbot-LinkExpanding 1.0 (+https://api.slack.com/robots)"
34.229.231.0 - - [04/Dec/2018:10:02:28 -0600] "GET /favicon.ico HTTP/1.1" 404 2745 "-" "Slackbot 1.0 (+https://api.slack.com/robots)"
18.207.174.140 - - [04/Dec/2018:10:02:28 -0600] "GET /login/signup_user HTTP/1.1" 301 - "-" "Slackbot-LinkExpanding 1.0 (+https://api.slack.com/robots)"
18.207.174.140 - - [04/Dec/2018:10:02:28 -0600] "GET /login/signup_user/ HTTP/1.1" 200 40 "-" "Slackbot-LinkExpanding 1.0 (+https://api.slack.com/robots)"
98.212.148.182 - - [04/Dec/2018:10:02:54 -0600] "GET /tracking/get_pending_orders/?driverId=4 HTTP/1.1" 200 35 "http://alaweenies.web.illinois.edu/tracking/" "Mozilla/5.0 (Windows NT 10.0; Win64; x64) AppleWebKit/537.36 (KHTML, like Gecko) Chrome/70.0.3538.110 Safari/537.36"
98.228.62.214 - - [04/Dec/2018:10:02:56 -0600] "GET /tracking/get_pending_orders/?driverId=6 HTTP/1.1" 200 17 "http://alaweenies.web.illinois.edu/tracking/" "Mozilla/5.0 (Macintosh; Intel Mac OS X 10.13; rv:64.0) Gecko/20100101 Firefox/64.0"
98.212.148.182 - - [04/Dec/2018:10:03:24 -0600] "GET /tracking/get_pending_orders/?driverId=4 HTTP/1.1" 200 35 "http://alaweenies.web.illinois.edu/tracking/" "Mozilla/5.0 (Windows NT 10.0; Win64; x64) AppleWebKit/537.36 (KHTML, like Gecko) Chrome/70.0.3538.110 Safari/537.36"
98.228.62.214 - - [04/Dec/2018:10:03:26 -0600] "GET /tracking/get_pending_orders/?driverId=6 HTTP/1.1" 200 17 "http://alaweenies.web.illinois.edu/tracking/" "Mozilla/5.0 (Macintosh; Intel Mac OS X 10.13; rv:64.0) Gecko/20100101 Firefox/64.0"
98.212.148.182 - - [04/Dec/2018:10:03:54 -0600] "GET /tracking/get_pending_orders/?driverId=4 HTTP/1.1" 200 35 "http://alaweenies.web.illinois.edu/tracking/" "Mozilla/5.0 (Windows NT 10.0; Win64; x64) AppleWebKit/537.36 (KHTML, like Gecko) Chrome/70.0.3538.110 Safari/537.36"
98.228.62.214 - - [04/Dec/2018:10:03:56 -0600] "GET /tracking/get_pending_orders/?driverId=6 HTTP/1.1" 200 17 "http://alaweenies.web.illinois.edu/tracking/" "Mozilla/5.0 (Macintosh; Intel Mac OS X 10.13; rv:64.0) Gecko/20100101 Firefox/64.0"
98.212.148.182 - - [04/Dec/2018:10:04:24 -0600] "GET /tracking/get_pending_orders/?driverId=4 HTTP/1.1" 200 35 "http://alaweenies.web.illinois.edu/tracking/" "Mozilla/5.0 (Windows NT 10.0; Win64; x64) AppleWebKit/537.36 (KHTML, like Gecko) Chrome/70.0.3538.110 Safari/537.36"
98.228.62.214 - - [04/Dec/2018:10:04:26 -0600] "GET /tracking/get_pending_orders/?driverId=6 HTTP/1.1" 200 17 "http://alaweenies.web.illinois.edu/tracking/" "Mozilla/5.0 (Macintosh; Intel Mac OS X 10.13; rv:64.0) Gecko/20100101 Firefox/64.0"
98.212.148.182 - - [04/Dec/2018:10:04:54 -0600] "GET /tracking/get_pending_orders/?driverId=4 HTTP/1.1" 200 35 "http://alaweenies.web.illinois.edu/tracking/" "Mozilla/5.0 (Windows NT 10.0; Win64; x64) AppleWebKit/537.36 (KHTML, like Gecko) Chrome/70.0.3538.110 Safari/537.36"
98.228.62.214 - - [04/Dec/2018:10:04:56 -0600] "GET /tracking/get_pending_orders/?driverId=6 HTTP/1.1" 200 17 "http://alaweenies.web.illinois.edu/tracking/" "Mozilla/5.0 (Macintosh; Intel Mac OS X 10.13; rv:64.0) Gecko/20100101 Firefox/64.0"
98.212.148.182 - - [04/Dec/2018:10:05:24 -0600] "GET /tracking/get_pending_orders/?driverId=4 HTTP/1.1" 200 35 "http://alaweenies.web.illinois.edu/tracking/" "Mozilla/5.0 (Windows NT 10.0; Win64; x64) AppleWebKit/537.36 (KHTML, like Gecko) Chrome/70.0.3538.110 Safari/537.36"
98.228.62.214 - - [04/Dec/2018:10:05:26 -0600] "GET /tracking/get_pending_orders/?driverId=6 HTTP/1.1" 200 17 "http://alaweenies.web.illinois.edu/tracking/" "Mozilla/5.0 (Macintosh; Intel Mac OS X 10.13; rv:64.0) Gecko/20100101 Firefox/64.0"
98.212.148.182 - - [04/Dec/2018:10:05:54 -0600] "GET /tracking/get_pending_orders/?driverId=4 HTTP/1.1" 200 35 "http://alaweenies.web.illinois.edu/tracking/" "Mozilla/5.0 (Windows NT 10.0; Win64; x64) AppleWebKit/537.36 (KHTML, like Gecko) Chrome/70.0.3538.110 Safari/537.36"
98.228.62.214 - - [04/Dec/2018:10:05:56 -0600] "GET /tracking/get_pending_orders/?driverId=6 HTTP/1.1" 200 17 "http://alaweenies.web.illinois.edu/tracking/" "Mozilla/5.0 (Macintosh; Intel Mac OS X 10.13; rv:64.0) Gecko/20100101 Firefox/64.0"
98.228.62.214 - - [04/Dec/2018:10:06:12 -0600] "GET /login/ HTTP/1.1" 200 9723 "http://alaweenies.web.illinois.edu/" "Mozilla/5.0 (Macintosh; Intel Mac OS X 10.13; rv:64.0) Gecko/20100101 Firefox/64.0"
98.228.62.214 - - [04/Dec/2018:10:06:12 -0600] "GET /login/login.css HTTP/1.1" 404 3544 "http://alaweenies.web.illinois.edu/login/" "Mozilla/5.0 (Macintosh; Intel Mac OS X 10.13; rv:64.0) Gecko/20100101 Firefox/64.0"
98.228.62.214 - - [04/Dec/2018:10:06:16 -0600] "GET /login/ HTTP/1.1" 200 9723 "http://alaweenies.web.illinois.edu/login/" "Mozilla/5.0 (Macintosh; Intel Mac OS X 10.13; rv:64.0) Gecko/20100101 Firefox/64.0"
98.228.62.214 - - [04/Dec/2018:10:06:16 -0600] "GET /login/login.css HTTP/1.1" 404 3544 "http://alaweenies.web.illinois.edu/login/" "Mozilla/5.0 (Macintosh; Intel Mac OS X 10.13; rv:64.0) Gecko/20100101 Firefox/64.0"
98.228.62.214 - - [04/Dec/2018:10:06:16 -0600] "GET /favicon.ico HTTP/1.1" 404 2745 "-" "Mozilla/5.0 (Macintosh; Intel Mac OS X 10.13; rv:64.0) Gecko/20100101 Firefox/64.0"
98.212.148.182 - - [04/Dec/2018:10:06:24 -0600] "GET /tracking/get_pending_orders/?driverId=4 HTTP/1.1" 200 35 "http://alaweenies.web.illinois.edu/tracking/" "Mozilla/5.0 (Windows NT 10.0; Win64; x64) AppleWebKit/537.36 (KHTML, like Gecko) Chrome/70.0.3538.110 Safari/537.36"
98.212.148.182 - - [04/Dec/2018:10:06:54 -0600] "GET /tracking/get_pending_orders/?driverId=4 HTTP/1.1" 200 35 "http://alaweenies.web.illinois.edu/tracking/" "Mozilla/5.0 (Windows NT 10.0; Win64; x64) AppleWebKit/537.36 (KHTML, like Gecko) Chrome/70.0.3538.110 Safari/537.36"
98.212.148.182 - - [04/Dec/2018:10:07:24 -0600] "GET /tracking/get_pending_orders/?driverId=4 HTTP/1.1" 200 35 "http://alaweenies.web.illinois.edu/tracking/" "Mozilla/5.0 (Windows NT 10.0; Win64; x64) AppleWebKit/537.36 (KHTML, like Gecko) Chrome/70.0.3538.110 Safari/537.36"
98.212.148.182 - - [04/Dec/2018:10:07:54 -0600] "GET /tracking/get_pending_orders/?driverId=4 HTTP/1.1" 200 35 "http://alaweenies.web.illinois.edu/tracking/" "Mozilla/5.0 (Windows NT 10.0; Win64; x64) AppleWebKit/537.36 (KHTML, like Gecko) Chrome/70.0.3538.110 Safari/537.36"
98.228.62.214 - - [04/Dec/2018:10:08:04 -0600] "GET /login/check_email?email=sophiebdore%40gmail.com HTTP/1.1" 301 - "http://alaweenies.web.illinois.edu/login/" "Mozilla/5.0 (Macintosh; Intel Mac OS X 10.13; rv:64.0) Gecko/20100101 Firefox/64.0"
98.228.62.214 - - [04/Dec/2018:10:08:04 -0600] "GET /login/check_email/?email=sophiebdore%40gmail.com HTTP/1.1" 200 25 "http://alaweenies.web.illinois.edu/login/" "Mozilla/5.0 (Macintosh; Intel Mac OS X 10.13; rv:64.0) Gecko/20100101 Firefox/64.0"
98.228.62.214 - - [04/Dec/2018:10:08:04 -0600] "GET /login/signup_user?firstName=Sophie&lastName=Dore&email=sophiebdore%40gmail.com&password=Daniel1996&phoneNumber=6304501899&dob=1958-12-01&preferredLocation=1 HTTP/1.1" 301 - "http://alaweenies.web.illinois.edu/login/" "Mozilla/5.0 (Macintosh; Intel Mac OS X 10.13; rv:64.0) Gecko/20100101 Firefox/64.0"
98.228.62.214 - - [04/Dec/2018:10:08:04 -0600] "GET /login/signup_user/?firstName=Sophie&lastName=Dore&email=sophiebdore%40gmail.com&password=Daniel1996&phoneNumber=6304501899&dob=1958-12-01&preferredLocation=1 HTTP/1.1" 200 40 "http://alaweenies.web.illinois.edu/login/" "Mozilla/5.0 (Macintosh; Intel Mac OS X 10.13; rv:64.0) Gecko/20100101 Firefox/64.0"
98.228.62.214 - - [04/Dec/2018:10:08:04 -0600] "GET /order/?customerId=68567 HTTP/1.1" 200 26423 "http://alaweenies.web.illinois.edu/login/" "Mozilla/5.0 (Macintosh; Intel Mac OS X 10.13; rv:64.0) Gecko/20100101 Firefox/64.0"
98.228.62.214 - - [04/Dec/2018:10:08:04 -0600] "GET /order/order.css HTTP/1.1" 404 3938 "http://alaweenies.web.illinois.edu/order/?customerId=68567" "Mozilla/5.0 (Macintosh; Intel Mac OS X 10.13; rv:64.0) Gecko/20100101 Firefox/64.0"
98.228.62.214 - - [04/Dec/2018:10:08:04 -0600] "GET /order/get_most_popular/?restaurantId=0 HTTP/1.1" 200 64 "http://alaweenies.web.illinois.edu/order/?customerId=68567" "Mozilla/5.0 (Macintosh; Intel Mac OS X 10.13; rv:64.0) Gecko/20100101 Firefox/64.0"
98.228.62.214 - - [04/Dec/2018:10:08:04 -0600] "GET /order/get_price_modifier/ HTTP/1.1" 200 25 "http://alaweenies.web.illinois.edu/order/?customerId=68567" "Mozilla/5.0 (Macintosh; Intel Mac OS X 10.13; rv:64.0) Gecko/20100101 Firefox/64.0"
98.228.62.214 - - [04/Dec/2018:10:08:04 -0600] "GET /order/get_user/?customerId=68567 HTTP/1.1" 200 40 "http://alaweenies.web.illinois.edu/order/?customerId=68567" "Mozilla/5.0 (Macintosh; Intel Mac OS X 10.13; rv:64.0) Gecko/20100101 Firefox/64.0"
98.212.148.182 - - [04/Dec/2018:10:08:24 -0600] "GET /tracking/get_pending_orders/?driverId=4 HTTP/1.1" 200 35 "http://alaweenies.web.illinois.edu/tracking/" "Mozilla/5.0 (Windows NT 10.0; Win64; x64) AppleWebKit/537.36 (KHTML, like Gecko) Chrome/70.0.3538.110 Safari/537.36"
98.212.148.182 - - [04/Dec/2018:10:08:54 -0600] "GET /tracking/get_pending_orders/?driverId=4 HTTP/1.1" 200 35 "http://alaweenies.web.illinois.edu/tracking/" "Mozilla/5.0 (Windows NT 10.0; Win64; x64) AppleWebKit/537.36 (KHTML, like Gecko) Chrome/70.0.3538.110 Safari/537.36"
98.212.148.182 - - [04/Dec/2018:10:09:24 -0600] "GET /tracking/get_pending_orders/?driverId=4 HTTP/1.1" 200 35 "http://alaweenies.web.illinois.edu/tracking/" "Mozilla/5.0 (Windows NT 10.0; Win64; x64) AppleWebKit/537.36 (KHTML, like Gecko) Chrome/70.0.3538.110 Safari/537.36"
98.212.148.182 - - [04/Dec/2018:10:09:54 -0600] "GET /tracking/get_pending_orders/?driverId=4 HTTP/1.1" 200 35 "http://alaweenies.web.illinois.edu/tracking/" "Mozilla/5.0 (Windows NT 10.0; Win64; x64) AppleWebKit/537.36 (KHTML, like Gecko) Chrome/70.0.3538.110 Safari/537.36"
98.212.148.182 - - [04/Dec/2018:10:10:24 -0600] "GET /tracking/get_pending_orders/?driverId=4 HTTP/1.1" 200 35 "http://alaweenies.web.illinois.edu/tracking/" "Mozilla/5.0 (Windows NT 10.0; Win64; x64) AppleWebKit/537.36 (KHTML, like Gecko) Chrome/70.0.3538.110 Safari/537.36"
98.212.148.182 - - [04/Dec/2018:10:10:54 -0600] "GET /tracking/get_pending_orders/?driverId=4 HTTP/1.1" 200 35 "http://alaweenies.web.illinois.edu/tracking/" "Mozilla/5.0 (Windows NT 10.0; Win64; x64) AppleWebKit/537.36 (KHTML, like Gecko) Chrome/70.0.3538.110 Safari/537.36"
98.228.62.214 - - [04/Dec/2018:10:10:57 -0600] "GET /login/ HTTP/1.1" 200 9723 "http://alaweenies.web.illinois.edu/" "Mozilla/5.0 (Macintosh; Intel Mac OS X 10.13; rv:64.0) Gecko/20100101 Firefox/64.0"
98.228.62.214 - - [04/Dec/2018:10:10:57 -0600] "GET /login/login.css HTTP/1.1" 404 3544 "http://alaweenies.web.illinois.edu/login/" "Mozilla/5.0 (Macintosh; Intel Mac OS X 10.13; rv:64.0) Gecko/20100101 Firefox/64.0"
98.212.148.182 - - [04/Dec/2018:10:11:24 -0600] "GET /tracking/get_pending_orders/?driverId=4 HTTP/1.1" 200 35 "http://alaweenies.web.illinois.edu/tracking/" "Mozilla/5.0 (Windows NT 10.0; Win64; x64) AppleWebKit/537.36 (KHTML, like Gecko) Chrome/70.0.3538.110 Safari/537.36"
98.212.148.182 - - [04/Dec/2018:10:11:54 -0600] "GET /tracking/get_pending_orders/?driverId=4 HTTP/1.1" 200 35 "http://alaweenies.web.illinois.edu/tracking/" "Mozilla/5.0 (Windows NT 10.0; Win64; x64) AppleWebKit/537.36 (KHTML, like Gecko) Chrome/70.0.3538.110 Safari/537.36"
98.228.62.214 - - [04/Dec/2018:10:12:16 -0600] "GET /login/check_email?email=nicoledore1998%40gmail.com HTTP/1.1" 301 - "http://alaweenies.web.illinois.edu/login/" "Mozilla/5.0 (Macintosh; Intel Mac OS X 10.13; rv:64.0) Gecko/20100101 Firefox/64.0"
98.228.62.214 - - [04/Dec/2018:10:12:16 -0600] "GET /login/check_email/?email=nicoledore1998%40gmail.com HTTP/1.1" 200 25 "http://alaweenies.web.illinois.edu/login/" "Mozilla/5.0 (Macintosh; Intel Mac OS X 10.13; rv:64.0) Gecko/20100101 Firefox/64.0"
98.228.62.214 - - [04/Dec/2018:10:12:16 -0600] "GET /login/signup_user?firstName=Nicole&lastName=Dore&email=nicoledore1998%40gmail.com&password=ILoveAnthony1998&phoneNumber=3123451224&dob=1998-01-18&preferredLocation=2 HTTP/1.1" 301 - "http://alaweenies.web.illinois.edu/login/" "Mozilla/5.0 (Macintosh; Intel Mac OS X 10.13; rv:64.0) Gecko/20100101 Firefox/64.0"
98.228.62.214 - - [04/Dec/2018:10:12:16 -0600] "GET /login/signup_user/?firstName=Nicole&lastName=Dore&email=nicoledore1998%40gmail.com&password=ILoveAnthony1998&phoneNumber=3123451224&dob=1998-01-18&preferredLocation=2 HTTP/1.1" 200 40 "http://alaweenies.web.illinois.edu/login/" "Mozilla/5.0 (Macintosh; Intel Mac OS X 10.13; rv:64.0) Gecko/20100101 Firefox/64.0"
98.228.62.214 - - [04/Dec/2018:10:12:16 -0600] "GET /order/?customerId=68568 HTTP/1.1" 200 26423 "http://alaweenies.web.illinois.edu/login/" "Mozilla/5.0 (Macintosh; Intel Mac OS X 10.13; rv:64.0) Gecko/20100101 Firefox/64.0"
